RLU8 Object Linker, Ver.1.51.2 Linkage Information
[Mon Jun 16 16:58:35 2014]


                         ------------------
                          Control Synopsis
                         ------------------

I/O controls:    D  SD NS NA
Other controls: CC STACK( 0100H(256) )
                COMB( $$content_of_init $$end_of_init )
                COMB( $$init_info $$init_info_end )



                        ------------------------
                         Object Module Synopsis
                        ------------------------
                                                                Creator
Module Name           File Name                                 CCU8     RASU8
-----------           ---------                                 -----    -----
i2c                   _output\_obj\i2c.obj                      3.41     1.61
irq                   _output\_obj\irq.obj                      3.41     1.61
main                  _output\_obj\main.obj                     3.41     1.61
ml610112              _output\_obj\ml610112.obj                 -.--     1.61
tbc                   _output\_obj\tbc.obj                      3.41     1.61
timer                 _output\_obj\timer.obj                    3.41     1.61
uart                  _output\_obj\uart.obj                     3.41     1.61
FNEGSW                C:\PROGRA~1\U8Dev\Lib\doubleu8.lib        -.--     1.04
atan                  C:\PROGRA~1\U8Dev\Lib\LU8100SW.lib        -.--     1.04
DNEGSW                C:\PROGRA~1\U8Dev\Lib\doubleu8.lib        -.--     1.04
xatan                 C:\PROGRA~1\U8Dev\Lib\LU8100SW.lib        -.--     1.04
xpoly                 C:\PROGRA~1\U8Dev\Lib\LU8100SW.lib        -.--     1.04
sprintf_nn            C:\PROGRA~1\U8Dev\Lib\LU8100SW.lib        -.--     1.04
ULDIVSW               C:\PROGRA~1\U8Dev\Lib\longu8.lib          -.--     1.04
DIV32SW               C:\PROGRA~1\U8Dev\Lib\longu8.lib          -.--     1.04
pow                   C:\PROGRA~1\U8Dev\Lib\LU8100SW.lib        -.--     1.04
xdunscal              C:\PROGRA~1\U8Dev\Lib\LU8100SW.lib        -.--     1.04
xdnorm                C:\PROGRA~1\U8Dev\Lib\LU8100SW.lib        -.--     1.04
UIDIVSW               C:\PROGRA~1\U8Dev\Lib\longu8.lib          -.--     1.04
DDIVSW                C:\PROGRA~1\U8Dev\Lib\doubleu8.lib        -.--     1.04
ETODSW                C:\PROGRA~1\U8Dev\Lib\doubleu8.lib        -.--     1.04
SHIFTSW               C:\PROGRA~1\U8Dev\Lib\doubleu8.lib        -.--     1.04
FDIVSW                C:\PROGRA~1\U8Dev\Lib\doubleu8.lib        -.--     1.04
DTOFSW                C:\PROGRA~1\U8Dev\Lib\doubleu8.lib        -.--     1.04
DSUBSW                C:\PROGRA~1\U8Dev\Lib\doubleu8.lib        -.--     1.04
FSUBSW                C:\PROGRA~1\U8Dev\Lib\doubleu8.lib        -.--     1.04
xexp                  C:\PROGRA~1\U8Dev\Lib\LU8100SW.lib        -.--     1.04
xvalues               C:\PROGRA~1\U8Dev\Lib\LU8100SW.lib        -.--     1.04
xdtest                C:\PROGRA~1\U8Dev\Lib\LU8100SW.lib        -.--     1.04
xlog                  C:\PROGRA~1\U8Dev\Lib\LU8100SW.lib        -.--     1.04
xdint                 C:\PROGRA~1\U8Dev\Lib\LU8100SW.lib        -.--     1.04
atan2                 C:\PROGRA~1\U8Dev\Lib\LU8100SW.lib        -.--     1.04
DTOESW                C:\PROGRA~1\U8Dev\Lib\doubleu8.lib        -.--     1.04
ROUNSW                C:\PROGRA~1\U8Dev\Lib\doubleu8.lib        -.--     1.04
NORMSW                C:\PROGRA~1\U8Dev\Lib\doubleu8.lib        -.--     1.04
FTOESW                C:\PROGRA~1\U8Dev\Lib\doubleu8.lib        -.--     1.04
xdscale               C:\PROGRA~1\U8Dev\Lib\LU8100SW.lib        -.--     1.04
sscanf_nn             C:\PROGRA~1\U8Dev\Lib\LU8100SW.lib        -.--     1.04
memcpy_nf             C:\PROGRA~1\U8Dev\Lib\LU8100SW.lib        -.--     1.04
errno                 C:\PROGRA~1\U8Dev\Lib\LU8100SW.lib        -.--     1.04
CIDIMOSW              C:\PROGRA~1\U8Dev\Lib\longu8.lib          -.--     1.04
xscanf_n              C:\PROGRA~1\U8Dev\Lib\LU8100SW.lib        -.--     1.04
xgetfld_n             C:\PROGRA~1\U8Dev\Lib\LU8100SW.lib        -.--     1.04
xctype                C:\PROGRA~1\U8Dev\Lib\LU8100SW.lib        -.--     1.04
memchr_n              C:\PROGRA~1\U8Dev\Lib\LU8100SW.lib        -.--     1.04
strchr_n              C:\PROGRA~1\U8Dev\Lib\LU8100SW.lib        -.--     1.04
xgetfloa              C:\PROGRA~1\U8Dev\Lib\LU8100SW.lib        -.--     1.04
EDIVSW                C:\PROGRA~1\U8Dev\Lib\doubleu8.lib        -.--     1.04
CMPFSW                C:\PROGRA~1\U8Dev\Lib\doubleu8.lib        -.--     1.04
ETOFSW                C:\PROGRA~1\U8Dev\Lib\doubleu8.lib        -.--     1.04
DADDSW                C:\PROGRA~1\U8Dev\Lib\doubleu8.lib        -.--     1.04
EADDSW                C:\PROGRA~1\U8Dev\Lib\doubleu8.lib        -.--     1.04
FADDSW                C:\PROGRA~1\U8Dev\Lib\doubleu8.lib        -.--     1.04
DCMPSW                C:\PROGRA~1\U8Dev\Lib\doubleu8.lib        -.--     1.04
ECMPSW                C:\PROGRA~1\U8Dev\Lib\doubleu8.lib        -.--     1.04
DILDSW                C:\PROGRA~1\U8Dev\Lib\doubleu8.lib        -.--     1.04
LTOESW                C:\PROGRA~1\U8Dev\Lib\doubleu8.lib        -.--     1.04
FCMPSW                C:\PROGRA~1\U8Dev\Lib\doubleu8.lib        -.--     1.04
FILDSW                C:\PROGRA~1\U8Dev\Lib\doubleu8.lib        -.--     1.04
DMULSW                C:\PROGRA~1\U8Dev\Lib\doubleu8.lib        -.--     1.04
EMULSW                C:\PROGRA~1\U8Dev\Lib\doubleu8.lib        -.--     1.04
DTOLSW                C:\PROGRA~1\U8Dev\Lib\doubleu8.lib        -.--     1.04
ETOLSW                C:\PROGRA~1\U8Dev\Lib\doubleu8.lib        -.--     1.04
FMULSW                C:\PROGRA~1\U8Dev\Lib\doubleu8.lib        -.--     1.04
FTOLSW                C:\PROGRA~1\U8Dev\Lib\doubleu8.lib        -.--     1.04
FTODSW                C:\PROGRA~1\U8Dev\Lib\doubleu8.lib        -.--     1.04
FULDSW                C:\PROGRA~1\U8Dev\Lib\doubleu8.lib        -.--     1.04
IMULSW                C:\PROGRA~1\U8Dev\Lib\longu8.lib          -.--     1.04
xstod_n               C:\PROGRA~1\U8Dev\Lib\LU8100SW.lib        -.--     1.04
xdtento               C:\PROGRA~1\U8Dev\Lib\LU8100SW.lib        -.--     1.04
LMULSW                C:\PROGRA~1\U8Dev\Lib\longu8.lib          -.--     1.04
xgetint               C:\PROGRA~1\U8Dev\Lib\LU8100SW.lib        -.--     1.04
xstoul_n              C:\PROGRA~1\U8Dev\Lib\LU8100SW.lib        -.--     1.04
strtol_n              C:\PROGRA~1\U8Dev\Lib\LU8100SW.lib        -.--     1.04
xprintf_nn            C:\PROGRA~1\U8Dev\Lib\LU8100SW.lib        -.--     1.04
strcpy_nn             C:\PROGRA~1\U8Dev\Lib\LU8100SW.lib        -.--     1.04
abs                   C:\PROGRA~1\U8Dev\Lib\LU8100SW.lib        -.--     1.04
xputfld               C:\PROGRA~1\U8Dev\Lib\LU8100SW.lib        -.--     1.04
xldtob                C:\PROGRA~1\U8Dev\Lib\LU8100SW.lib        -.--     1.04
SLDIVSW               C:\PROGRA~1\U8Dev\Lib\longu8.lib          -.--     1.04
xgenld                C:\PROGRA~1\U8Dev\Lib\LU8100SW.lib        -.--     1.04
SIDIVSW               C:\PROGRA~1\U8Dev\Lib\longu8.lib          -.--     1.04
strlen_f              C:\PROGRA~1\U8Dev\Lib\LU8100SW.lib        -.--     1.04
ldiv                  C:\PROGRA~1\U8Dev\Lib\LU8100SW.lib        -.--     1.04
xldunsca              C:\PROGRA~1\U8Dev\Lib\LU8100SW.lib        -.--     1.04
SLDIMOSW              C:\PROGRA~1\U8Dev\Lib\longu8.lib          -.--     1.04
memcpy_ff             C:\PROGRA~1\U8Dev\Lib\LU8100SW.lib        -.--     1.04
memcpy_fn             C:\PROGRA~1\U8Dev\Lib\LU8100SW.lib        -.--     1.04
SIDIMOSW              C:\PROGRA~1\U8Dev\Lib\longu8.lib          -.--     1.04
SIMODSW               C:\PROGRA~1\U8Dev\Lib\longu8.lib          -.--     1.04
xlitob                C:\PROGRA~1\U8Dev\Lib\LU8100SW.lib        -.--     1.04
ULMODSW               C:\PROGRA~1\U8Dev\Lib\longu8.lib          -.--     1.04


Number of Modules: 92

Number of Symbols:
 +---------------------------------------------------------------------------+
 |          | CODE | DATA | BIT  |NVDATA|NVBIT |TABLE |NUMBER| TBIT || total |
 |----------+------+------+------+------+------+------+------+------++-------|
 | SEGMENT  |   205|    10|     0|     0|     0|    37|      |      ||    252|
 |----------+------+------+------+------+------+------+------+------++-------|
 | COMMUNAL |     0|     3|     0|     0|     0|     0|      |      ||      3|
 |----------+------+------+------+------+------+------+------+------++-------|
 | PUBLIC   |   155|     2|     0|     0|     0|     6|     0|     0||    163|
 +---------------------------------------------------------------------------+

Target:  ML610112 
Model:   SMALL


Memory Map - Program memory space #0:
      Type     Start      Stop
     -----------------------------
      ROM      00:0000    00:7FFF

Memory Map - Data memory space #0:
      Type     Start      Stop
     -----------------------------
      RAM      00:E000    00:FFFF

Memory Map - Memory space above #1:
      Type     Start      Stop
     -----------------------------
      ROM      02:0000    02:0FFF
      ROM      08:0000    08:7FFF
      ROM      0A:0000    0A:0FFF

                         ------------------
                          Segment Synopsis
                         ------------------

Link Map - Program memory space #0 ( ROMWINDOW: 0000 - 7FFF )

      Type     Start      Stop       Size              Name
     -------------------------------------------------------
      S CODE   00:0000    00:0001    0002(2)           (absolute)
      S CODE   00:0002    00:0003    0002(2)           (absolute)
      S CODE   00:0004    00:0005    0002(2)           (absolute)
      S CODE   00:0006    00:0007    0002(2)           $$_intUndefHdr$irq
      S CODE   00:0008    00:0009    0002(2)           (absolute)
      S CODE   00:000A    00:000A    0000(0)           $$content_of_init
      S CODE   00:000A    00:000B    0002(2)           $$end_of_init
      S CODE   00:000C    00:0077    006C(108)         (absolute)
      S TABLE  00:0078    00:00C7    0050(80)          $$XNTABxldtob
      S TABLE  00:00C8    00:00ED    0026(38)          $$XNTABxgetint
      S TABLE  00:00EE    00:0145    0058(88)          $$XNTABxprintf_nn
      S TABLE  00:0146    00:01C5    0080(128)         $$TABLE_SEGMENT
      S TABLE  00:01C6    00:0201    003C(60)          $$TAB$$S363$main
      S TABLE  00:0202    00:0204    0003(3)           $$TAB$$S205$main
>GAP<          00:0205    00:0205    0001(1)           (ROM)
      S TABLE  00:0206    00:0251    004C(76)          $$TAB$$S219$main
      S TABLE  00:0252    00:026C    001B(27)          $$TAB$$S244$main
>GAP<          00:026D    00:026D    0001(1)           (ROM)
      S TABLE  00:026E    00:0475    0208(520)         $$NINITTAB
      S TABLE  00:0476    00:0515    00A0(160)         $$XNTABxatan
      S TABLE  00:0516    00:051D    0008(8)           $$XNTABxscanf_n
      S TABLE  00:051E    00:0567    004A(74)          $$XNTABxdtento
      S TABLE  00:0568    00:0589    0022(34)          $$XNTABxlitob
      S TABLE  00:058A    00:0591    0008(8)           $$init_info
      S TABLE  00:0592    00:0593    0002(2)           $$init_info_end
      S TABLE  00:0594    00:05BB    0028(40)          $$XNTABxvalues
      S TABLE  00:05BC    00:0605    004A(74)          $$XNTABxstoul_n
      S TABLE  00:0606    00:062D    0028(40)          $$XNTABxstod_n
      S TABLE  00:062E    00:0637    000A(10)          $$TAB_uartSetParam$main
      S TABLE  00:0638    00:0673    003C(60)          $$TAB$$S419$main
      S TABLE  00:0674    00:067F    000C(12)          $$TAB$$S536$main
      S CODE   00:0680    00:06A9    002A(42)          $$uart_PortSet$uart
      S CODE   00:06AA    00:06BB    0012(18)          $$nfnegu8sw
      S CODE   00:06BC    00:06D7    001C(28)          $$_intT16HINT$irq
      S CODE   00:06D8    00:06F3    001C(28)          $$_intPB0INT$irq
      S CODE   00:06F4    00:070F    001C(28)          $$_intPB1INT$irq
      S CODE   00:0710    00:0759    004A(74)          $$XNCODmemcpy_ff
      S CODE   00:075A    00:0851    00F8(248)         $$uart_continue$uart
      S CODE   00:0852    00:086D    001C(28)          $$_intPA0INT$irq
      S CODE   00:086E    00:08B1    0044(68)          $$XNCODmemcpy_fn
      S CODE   00:08B2    00:08CD    001C(28)          $$_intPA1INT$irq
      S CODE   00:08CE    00:08E9    001C(28)          $$_intCMP1INT$irq
      S CODE   00:08EA    00:09D7    00EE(238)         $$SoftStart$main
      S CODE   00:09D8    00:09F3    001C(28)          $$_intCMP0INT$irq
      S CODE   00:09F4    00:09F7    0004(4)           $$_intUart$main
      S CODE   00:09F8    00:0A65    006E(110)         $$XNCODxdtest
      S CODE   00:0A66    00:0CA9    0244(580)         $$XNCODxscanf_n
      S CODE   00:0CAA    00:0CDB    0032(50)          $$ESC2_PWM$main
      S CODE   00:0CDC    00:0CE9    000E(14)          $$uart_ErrSet$uart
      S CODE   00:0CEA    00:0D05    001C(28)          $$_intTM8INT$irq
      S CODE   00:0D06    00:0D21    001C(28)          $$_intTM9INT$irq
      S CODE   00:0D22    00:0D41    0020(32)          $$normu8sw
      S CODE   00:0D42    00:0D5D    001C(28)          $$_intTMEINT$irq
      S CODE   00:0D5E    00:0D7D    0020(32)          $$ulmodu8sw
      S CODE   00:0D7E    00:0D7F    0002(2)           $$NOP1000$main
      S CODE   00:0D80    00:0DB1    0032(50)          $$ESC1_PWM$main
      S CODE   00:0DB2    00:0DCD    001C(28)          $$_intTMAINT$irq
      S CODE   00:0DCE    00:0E31    0064(100)         $$PortD_Low$main
      S CODE   00:0E32    00:1017    01E6(486)         $$XNCODxlitob
      S CODE   00:1018    00:1039    0022(34)          $$shiftu8sw
      S CODE   00:103A    00:1055    001C(28)          $$_intUA0INT$irq
      S CODE   00:1056    00:1071    001C(28)          $$_intUA1INT$irq
      S CODE   00:1072    00:10E5    0074(116)         $$XNCODxpoly
      S CODE   00:10E6    00:10F5    0010(16)          $$simodu8sw
      S CODE   00:10F6    00:1113    001E(30)          $$XNCODstrcpy_nn
      S CODE   00:1114    00:119D    008A(138)         $$XNCODxldunsca
      S CODE   00:119E    00:1221    0084(132)         $$i2c_startReceive$i2c
      S CODE   00:1222    00:122D    000C(12)          $$roundu8sw
      S CODE   00:122E    00:1263    0036(54)          $$ndmulu8sw
      S CODE   00:1264    00:1277    0014(20)          $$main_clrWDT$main
      S CODE   00:1278    00:12A3    002C(44)          $$nfildu8sw
      S CODE   00:12A4    00:12CD    002A(42)          $$ndtolu8sw
      S CODE   00:12CE    00:1307    003A(58)          $$nfmulu8sw
      S CODE   00:1308    00:1331    002A(42)          $$nftolu8sw
      S CODE   00:1332    00:1357    0026(38)          $$nftodu8sw
      S CODE   00:1358    00:136D    0016(22)          $$XNCODabs
      S CODE   00:136E    00:1399    002C(44)          $$nfuldu8sw
      S CODE   00:139A    00:17FF    0466(1126)        $$XNCODxldtob
      S CODE   00:1800    00:1831    0032(50)          $$irq_setHdr$irq
      S CODE   00:1832    00:18F1    00C0(192)         $$NOPms$main
      S CODE   00:18F2    00:1B0D    021C(540)         $$XNCODxstoul_n
      S CODE   00:1B0E    00:1D67    025A(602)         $$XNCODxdtento
      S CODE   00:1D68    00:1DBD    0056(86)          $$uart_startSend$uart
      S CODE   00:1DBE    00:1E25    0068(104)         $$XNCODsscanf_nn
      S CODE   00:1E26    00:1E29    0004(4)           $$irq_di$irq
      S CODE   00:1E2A    00:1E2D    0004(4)           $$irq_ei$irq
      S CODE   00:1E2E    00:1E49    001C(28)          $$_intT2HINT$irq
      S CODE   00:1E4A    00:1E7F    0036(54)          $$ndaddu8sw
      S CODE   00:1E80    00:1EAF    0030(48)          $$ndcmpu8sw
      S CODE   00:1EB0    00:1EE9    003A(58)          $$nfaddu8sw
      S CODE   00:1EEA    00:1F13    002A(42)          $$lloadu8sw
      S CODE   00:1F14    00:1F43    0030(48)          $$nfcmpu8sw
      S CODE   00:1F44    00:1F85    0042(66)          $$lmulu8sw
      S CODE   00:1F86    00:1F87    0002(2)           $$_intNullHdr$irq
      S CODE   00:1F88    00:1F95    000E(14)          $$_funcI2CFin$main
      S CODE   00:1F96    00:1FE9    0054(84)          $$floadu8sw
      S CODE   00:1FEA    00:212F    0146(326)         $$uart_init$uart
      S CODE   00:2130    00:21E9    00BA(186)         $$SerialOutCoefficients$main
      S CODE   00:21EA    00:23E7    01FE(510)         $$XNCODxatan
      S CODE   00:23E8    00:2411    002A(42)          $$uart_PortClear$uart
      S CODE   00:2412    00:280B    03FA(1018)        $$Run_AccGyroCF$main
      S CODE   00:280C    00:2905    00FA(250)         $$daddu8sw
      S CODE   00:2906    00:295F    005A(90)          $$dcmpu8sw
      S CODE   00:2960    00:2987    0028(40)          $$dildu8sw
      S CODE   00:2988    00:29C3    003C(60)          $$ClearVariables$main
      S CODE   00:29C4    00:29F5    0032(50)          $$ESC4_PWM$main
      S CODE   00:29F6    00:2B2F    013A(314)         $$dmulu8sw
      S CODE   00:2B30    00:2BF5    00C6(198)         $$TMR89_ISR$main
      S CODE   00:2BF6    00:2C1F    002A(42)          $$imulu8sw
      S CODE   00:2C20    00:2C91    0072(114)         $$dloadu8sw
      S CODE   00:2C92    00:2D89    00F8(248)         $$Shutdown$main
      S CODE   00:2D8A    00:2E4D    00C4(196)         $$PortB_Low$main
      S CODE   00:2E4E    00:2F73    0126(294)         $$i2c_init$i2c
      S CODE   00:2F74    00:2F8F    001C(28)          $$_intPWDINT$irq
      S CODE   00:2F90    00:2FAB    001C(28)          $$_intPWEINT$irq
      S CODE   00:2FAC    00:3489    04DE(1246)        $$XNCODxprintf_nn
      S CODE   00:348A    00:3513    008A(138)         $$XNCODxdunscal
      S CODE   00:3514    00:36FF    01EC(492)         $$XNCODatan2
      S CODE   00:3700    00:3739    003A(58)          $$XNCODmemchr_n
      S CODE   00:373A    00:3755    001C(28)          $$_intPWFINT$irq
      S CODE   00:3756    00:37A1    004C(76)          $$PortA_Low$main
      S CODE   00:37A2    00:37BD    001C(28)          $$_intPWCINT$irq
      S CODE   00:37BE    00:37F5    0038(56)          $$tm_init$timer
      S CODE   00:37F6    00:3823    002E(46)          $$i2c_stop$i2c
      S CODE   00:3824    00:3CE7    04C4(1220)        $$XNCODxgenld
      S CODE   00:3CE8    00:3CF9    0012(18)          $$ndnegu8sw
      S CODE   00:3CFA    00:3D19    0020(32)          $$uldivu8sw
      S CODE   00:3D1A    00:3D23    000A(10)          $$_branchHdr$irq
      S CODE   00:3D24    00:3D83    0060(96)          $$sldimou8sw
      S CODE   00:3D84    00:3EFD    017A(378)         $$main$main
      S CODE   00:3EFE    00:3F23    0026(38)          $$XNCODstrlen_f
      S CODE   00:3F24    00:3F47    0024(36)          $$XNCODstrchr_n
      S CODE   00:3F48    00:3FA1    005A(90)          $$irq_init$irq
      S CODE   00:3FA2    00:4383    03E2(994)         $$XNCODxgetfloa
      S CODE   00:4384    00:439F    001C(28)          $$uart_stop$uart
      S CODE   00:43A0    00:48E7    0548(1352)        $$UARTTunePID$main
      S CODE   00:48E8    00:4CC1    03DA(986)         $$XNCODxstod_n
      S CODE   00:4CC2    00:4EEF    022E(558)         $$Get_AccGyroData$main
      S CODE   00:4EF0    00:4EFD    000E(14)          $$sidivu8sw
      S CODE   00:4EFE    00:4FC1    00C4(196)         $$PortC_Low$main
      S CODE   00:4FC2    00:4FDB    001A(26)          $$sldivu8sw
      S CODE   00:4FDC    00:501B    0040(64)          $$cidimou8sw
      S CODE   00:501C    00:504F    0034(52)          $$sidimou8sw
      S CODE   00:5050    00:50D1    0082(130)         $$CheckSafetyLimit$main
      S CODE   00:50D2    00:549B    03CA(970)         $$Initialization$main
      S CODE   00:549C    00:54A7    000C(12)          $$uidivu8sw
      S CODE   00:54A8    00:54B5    000E(14)          $$_funcUartFin$main
      S CODE   00:54B6    00:54B9    0004(4)           $$_intI2c$main
      S CODE   00:54BA    00:54E3    002A(42)          $$ndtofu8sw
      S CODE   00:54E4    00:54F7    0014(20)          $$ndsubu8sw
      S CODE   00:54F8    00:5739    0242(578)         $$XNCODxdscale
      S CODE   00:573A    00:574D    0014(20)          $$nfsubu8sw
      S CODE   00:574E    00:577F    0032(50)          $$ESC3_PWM$main
      S CODE   00:5780    00:57BD    003E(62)          $$lstoru8sw
      S CODE   00:57BE    00:5A1F    0262(610)         $$i2c_continue$i2c
      S CODE   00:5A20    00:5A27    0008(8)           $$AccelGyroDataReady_ISR$main
      S CODE   00:5A28    00:5A43    001C(28)          $$_intPB2INT$irq
      S CODE   00:5A44    00:5A5F    001C(28)          $$_intPB3INT$irq
      S CODE   00:5A60    00:5AE7    0088(136)         $$fstoru8sw
      S CODE   00:5AE8    00:5EF1    040A(1034)        $$AccelSensorControlPID_D$main
      S CODE   00:5EF2    00:6203    0312(786)         $$AccelSensorControlPID_I$main
      S CODE   00:6204    00:645D    025A(602)         $$AccelSensorControlPID_P$main
      S CODE   00:645E    00:6479    001C(28)          $$_intPA2INT$irq
      S CODE   00:647A    00:6495    001C(28)          $$_intT32HINT$irq
      S CODE   00:6496    00:64B1    001C(28)          $$_intVLSINT$irq
      S CODE   00:64B2    00:6613    0162(354)         $$XNCODxdnorm
      S CODE   00:6614    00:6679    0066(102)         $$XNCODldiv
      S CODE   00:667A    00:6699    0020(32)          $$SetOSC$main
      S CODE   00:669A    00:66CF    0036(54)          $$nddivu8sw
      S CODE   00:66D0    00:673B    006C(108)         $$XNCODsprintf_nn
      S CODE   00:673C    00:6775    003A(58)          $$nfdivu8sw
      S CODE   00:6776    00:6ACD    0358(856)         $$XNCODxgetfld_n
      S CODE   00:6ACE    00:6B0F    0042(66)          $$uart_startReceive$uart
      S CODE   00:6B10    00:6B2B    001C(28)          $$_intSADINT$irq
      S CODE   00:6B2C    00:6B47    001C(28)          $$_intT128HINT$irq
      S CODE   00:6B48    00:6FE1    049A(1178)        $$XNCODxputfld
      S CODE   00:6FE2    00:6FFB    001A(26)          $$_intWDTINT$irq
      S CODE   00:6FFC    00:70AF    00B4(180)         $$dstoru8sw
      S CODE   00:70B0    00:7107    0058(88)          $$CalibrateMotors$main
      S CODE   00:7108    00:7123    001C(28)          $$_intTMFINT$irq
      S CODE   00:7124    00:713F    001C(28)          $$_intTMBINT$irq
      S CODE   00:7140    00:71ED    00AE(174)         $$XNCODstrtol_n
      S CODE   00:71EE    00:7631    0444(1092)        $$XNCODxgetint
      S CODE   00:7632    00:764D    001C(28)          $$_intI2CSINT$irq
      S CODE   00:764E    00:778D    0140(320)         $$ddivu8sw
      S CODE   00:778E    00:77A9    001C(28)          $$_intSIO0INT$irq
      S CODE   00:77AA    00:77C5    001C(28)          $$cmpfu8sw
      S CODE   00:77C6    00:77F3    002E(46)          $$div32u8sw
      S CODE   00:77F4    00:780F    001C(28)          $$_intI2CMINT$irq
      S CODE   00:7810    00:7B15    0306(774)         $$CalibrateGyro$main
      S CODE   00:7B16    00:7BA5    0090(144)         $$NCODml610112sw
      S CODE   00:7BA6    00:7BE3    003E(62)          $$XNCODmemcpy_nf
      S CODE   00:7BE4    00:7C59    0076(118)         $$i2c_startSend$i2c
      S TABLE  00:7C5A    00:7D5E    0105(261)         $$XFTABxctype
>GAP<          00:7D5F    00:7FDF    0281(641)         (ROM)
      S CODE   00:7FE0    00:7FFF    0020(32)          (absolute)


Link Map - Data memory space #0

      Type     Start      Stop       Size              Name
     -------------------------------------------------------
      Q ROMWIN 00:0000    00:7FFF    8000(32768)       (ROMWIN)
>GAP<          00:E000.0  00:E94F.7  0950.0(2384.0)    (RAM)
      S DATA   00:E950    00:EA4F    0100(256)         $STACK
      S DATA   00:EA50    00:EAA0    0051(81)          $$XNVARxgetint
>GAP<          00:EAA1.0  00:EAA1.7  0001.0(1.0)       (RAM)
      S DATA   00:EAA2    00:EADF    003E(62)          $$NVARirq
      S DATA   00:EAE0    00:EB30    0051(81)          $$XNVARxgetfloa
>GAP<          00:EB31.0  00:EB31.7  0001.0(1.0)       (RAM)
      S DATA   00:EB32    00:EB65    0034(52)          $$XNVARxstod_n
      S DATA   00:EB66    00:EB66    0001(1)           $$NVARuart
      C DATA   00:EB67    00:EB67    0001(1)           __reqNotHalt
      S DATA   00:EB68    00:EDA3    023C(572)         $$NVARmain
      S DATA   00:EDA4    00:EFAB    0208(520)         $$NINITVAR
      S DATA   00:EFAC    00:EFED    0042(66)          $$XNVARxprintf_nn
      C DATA   00:EFEE    00:EFEE    0001(1)           __flgI2CFin
      C DATA   00:EFEF    00:EFEF    0001(1)           __flgUartFin
      S DATA   00:EFF0    00:EFFF    0010(16)          $$XNVARxscanf_n
      Q SFR    00:F000    00:FFFF    1000(4096)        (SFR)


Link Map - Memory space above #1

      Type     Start      Stop       Size              Name
     -------------------------------------------------------
 ---
      S TABLE  02:0000    02:0FFF    1000(4096)        (absolute)
 ---
      S TABLE  08:0000    08:7FFF    8000(32768)       (absolute)
 ---
      S TABLE  0A:0000    0A:0FFF    1000(4096)        (absolute)


Not Linked segments:

      Module Name         Type       Size              Segment Name 
     --------------------------------------------------------------
      i2c
                          CODE       0006(6)           $$i2c_getTransSize$i2c
                          CODE       0012(18)          $$i2c_checkIRQ$i2c
                          CODE       0006(6)           $$i2c_clearIRQ$i2c
     --------------------------------------------------------------
      main
                          CODE       02AC(684)         $$Get_MagData$main
                          CODE       011C(284)         $$MagSensorControl$main
                          CODE       0008(8)           $$main_reqNotHalt$main
                          TABLE      005A(90)          $$TAB$$S291$main
                          TABLE      001C(28)          $$TAB$$S341$main
                          TABLE      0018(24)          $$TAB$$S179$main
                          TABLE      0009(9)           $$TAB$$S192$main
                          TABLE      003F(63)          $$TAB$$S260$main
                          TABLE      005B(91)          $$TAB$$S316$main
                          CODE       00EE(238)         $$DistanceSensorControl$main
                          CODE       009A(154)         $$Get_RangeData$main
                          CODE       0016(22)          $$NOPus$main
                          CODE       000A(10)          $$TBC_ISR$main
                          CODE       0070(112)         $$ReturnAccelData$main
                          CODE       000E(14)          $$checkI2C$main
                          CODE       009A(154)         $$Get_PingData$main
                          CODE       03A8(936)         $$MagSensorControlPID$main
                          CODE       00AA(170)         $$CheckSafetyLimitUnscaled$main
                          CODE       0152(338)         $$RampUpMotorTest$main
                          CODE       001A(26)          $$analog_comparator$main
                          CODE       0040(64)          $$PortA_Digital_Inputs$main
                          CODE       027E(638)         $$RangeSensorControlPID$main
                          CODE       03DC(988)         $$approx_arctan2$main
                          TABLE      000C(12)          $$TAB$$S497$main
                          CODE       0098(152)         $$ReturnSensorData$main
                          CODE       05B0(1456)        $$CalibrateAccel$main
                          CODE       006E(110)         $$ReturnMagData$main
                          CODE       0098(152)         $$NOP$main
     --------------------------------------------------------------
      uart
                          CODE       0006(6)           $$uart_clearIRQ$uart
                          CODE       0012(18)          $$uart_checkIRQ$uart
                          CODE       0008(8)           $$uart_ErrClr$uart
                          CODE       0006(6)           $$uart_ErrGet$uart
                          CODE       0006(6)           $$uart_getTransSize$uart
     --------------------------------------------------------------
      atan
                          CODE       0128(296)         $$XNCODatan
                          TABLE      0008(8)           $$XNTABatan
     --------------------------------------------------------------
      pow
                          TABLE      001A(26)          $$XNTABpow
                          CODE       06FE(1790)        $$XNCODpow
     --------------------------------------------------------------
      xexp
                          TABLE      0058(88)          $$XNTABxexp
                          CODE       02BA(698)         $$XNCODxexp
     --------------------------------------------------------------
      xlog
                          TABLE      0050(80)          $$XNTABxlog
                          CODE       02FA(762)         $$XNCODxlog
     --------------------------------------------------------------
      xdint
                          TABLE      0050(80)          $$XNTABxdint
                          CODE       028C(652)         $$XNCODxdint
     --------------------------------------------------------------


Total size (CODE  ) = 07672   (30322)
Total size (DATA  ) = 006AE   (1710)
Total size (BIT   ) = 00000.0 (0.0)
Total size (NVDATA) = 00000   (0)
Total size (NVBIT ) = 00000.0 (0.0)
Total size (TABLE ) = 0A70B   (42763)

          -----------------------
           Symbol Table Synopsis
          -----------------------

Module         Value     Type         Symbol
------         -----     ----------   ------
i2c
               00:37F6   Pub CODE     _i2c_stop
               00:119E   Pub CODE     _i2c_startReceive
               00:57BE   Pub CODE     _i2c_continue
               00:7BE4   Pub CODE     _i2c_startSend
               00:2E4E   Pub CODE     _i2c_init
               00:EDA4   Loc DATA     __gsCtrlParam

Module         Value     Type         Symbol
------         -----     ----------   ------
irq
               00:08CE   Loc CODE     __intCMP1INT
               00:647A   Loc CODE     __intT32HINT
               00:09D8   Loc CODE     __intCMP0INT
               00:0CEA   Loc CODE     __intTM8INT
               00:0D06   Loc CODE     __intTM9INT
               00:6B2C   Loc CODE     __intT128HINT
               00:1E2E   Loc CODE     __intT2HINT
               00:77F4   Loc CODE     __intI2CMINT
               00:6FE2   Loc CODE     __intWDTINT
               00:0852   Loc CODE     __intPA0INT
               00:0DB2   Loc CODE     __intTMAINT
               00:08B2   Loc CODE     __intPA1INT
               00:778E   Loc CODE     __intSIO0INT
               00:7632   Loc CODE     __intI2CSINT
               00:6B10   Loc CODE     __intSADINT
               00:06D8   Loc CODE     __intPB0INT
               00:3D1A   Loc CODE     __branchHdr
               00:0D42   Loc CODE     __intTMEINT
               00:06F4   Loc CODE     __intPB1INT
               00:7124   Loc CODE     __intTMBINT
               00:645E   Loc CODE     __intPA2INT
               00:06BC   Loc CODE     __intT16HINT
               00:7108   Loc CODE     __intTMFINT
               00:5A28   Loc CODE     __intPB2INT
               00:5A44   Loc CODE     __intPB3INT
               00:2F74   Loc CODE     __intPWDINT
               00:2F90   Loc CODE     __intPWEINT
               00:37A2   Loc CODE     __intPWCINT
               00:103A   Loc CODE     __intUA0INT
               00:0006   Loc CODE     __intUndefHdr
               00:1056   Loc CODE     __intUA1INT
               00:373A   Loc CODE     __intPWFINT
               00:6496   Loc CODE     __intVLSINT
               00:3F48   Pub CODE     _irq_init
               00:1E26   Pub CODE     _irq_di
               00:1E2A   Pub CODE     _irq_ei
               00:1800   Pub CODE     _irq_setHdr
               00:1F86   Loc CODE     __intNullHdr
               00:EAA2   Loc DATA     __sIrqHdr

Module         Value     Type         Symbol
------         -----     ----------   ------
main
               00:5AE8   Pub CODE     _AccelSensorControlPID_D
               00:5EF2   Pub CODE     _AccelSensorControlPID_I
               00:6204   Pub CODE     _AccelSensorControlPID_P
               00:2C92   Pub CODE     _Shutdown
               00:1832   Pub CODE     _NOPms
               00:1264   Pub CODE     _main_clrWDT
               00:0CAA   Pub CODE     _ESC2_PWM
               00:4CC2   Pub CODE     _Get_AccGyroData
               00:3D84   Pub CODE     _main
               00:2988   Pub CODE     _ClearVariables
               00:0DCE   Pub CODE     _PortD_Low
               00:0D7E   Pub CODE     _NOP1000
               00:0D80   Pub CODE     _ESC1_PWM
               00:4EFE   Pub CODE     _PortC_Low
               00:5050   Pub CODE     _CheckSafetyLimit
               00:29C4   Pub CODE     _ESC4_PWM
               00:43A0   Pub CODE     _UARTTunePID
               00:54A8   Loc CODE     __funcUartFin
               00:50D2   Loc CODE     _Initialization
               00:09F4   Loc CODE     __intUart
               00:54B6   Loc CODE     __intI2c
               00:667A   Loc CODE     _SetOSC
               00:5A20   Loc CODE     _AccelGyroDataReady_ISR
               00:2B30   Loc CODE     _TMR89_ISR
               00:1F88   Loc CODE     __funcI2CFin
               00:EE96   Loc DATA     _CF_LPF
               00:EE50   Loc DATA     _Mag_OpposingPole
               00:EDC6   Loc DATA     _AccGyro_GyroAccel_SMPRTDIV
               00:EE82   Loc DATA     _Mag_PIDOutput
               00:EB68   Loc DATA     _RecWorld
               00:EF20   Loc DATA     _Accel_PID_Motor4
               00:EF1A   Loc DATA     _Accel_PID_Motor1
               00:EF1C   Loc DATA     _Accel_PID_Motor2
               00:EF1E   Loc DATA     _Accel_PID_Motor3
               00:EF6A   Loc DATA     _PWMIdleDutyRun
               00:EE64   Loc DATA     _Mag_PIDCounter
               00:EEA6   Loc DATA     _CF_YPitch_high
               00:EE48   Loc DATA     _Mag_CWThres
               00:EE20   Loc DATA     _Ping_out
               00:EB70   Loc DATA     _SensorReturn
               00:EF64   Loc DATA     _PWMCounter
               00:EDB6   Loc DATA     _AccGyro_PWRMGMT1REG_Contents
               00:EDD3   Loc DATA     _Accel_RetIndex
               00:EDD2   Loc DATA     _Accel_SavIndex
               00:EDCC   Loc DATA     _AccGyro_ReadData
               00:EE60   Loc DATA     _Mag_PIDError
               00:EDE2   Loc DATA     _CF_Gyro_YPitch
               00:EE7E   Loc DATA     _Mag_PID_kd
               00:EE7A   Loc DATA     _Mag_PID_ki
               00:EE76   Loc DATA     _Mag_PID_kp
               00:EE04   Loc DATA     _Mag_Xout
               00:EF62   Loc DATA     _PWMPeriod
               00:EEAE   Loc DATA     _CF_YPitch_low
               00:EC38   Loc DATA     _Gyro_Zout
               00:EEE2   Loc DATA     _Accel_PID_XRollErrPrev
               00:EE26   Loc DATA     _Range_out
               00:EF28   Loc DATA     _Range_PIDError
               00:EC60   Loc DATA     _Gyro_Yout
               00:EF3E   Loc DATA     _Range_PIDOutput
               00:EC88   Loc DATA     _NewVar_Str
               00:EDB7   Loc DATA     _AccGyro_AccelConfig
               00:EEF6   Loc DATA     _Accel_PID_XRolldErr
               00:EF52   Loc DATA     _Accel_PID_PBounds_Var_Pos
               00:EF5E   Loc DATA     _PWMLowerDutyLimitCalib
               00:EF02   Loc DATA     _Accel_PID_XRoll_ki
               00:EF06   Loc DATA     _Accel_PID_XRoll_kd
               00:EEE6   Loc DATA     _Accel_PID_YPitchError
               00:EEFE   Loc DATA     _Accel_PID_XRoll_kp
               00:EDD4   Loc DATA     _AccGyro_CF_FlagCounter
               00:EF56   Loc DATA     _Accel_PID_PBounds_Var_Neg
               00:EDCB   Loc DATA     _AccGyro_ReadFlag
               00:EE6A   Loc DATA     _Mag_PIDErrSum
               00:EF24   Loc DATA     _Range_PIDSetpoint
               00:EE00   Loc DATA     _Mag_ModeReg_Contents
               00:EC8E   Loc DATA     _NewVar
               00:EE08   Loc DATA     _Mag_Yout
               00:EE86   Loc DATA     _CF_Gyro_Counter
               00:EE8E   Loc DATA     _CF_XRoll
               00:EE2A   Loc DATA     _Mag_MotorStep
               00:EF17   Loc DATA     _Accel_PID_DFlag
               00:EDC7   Loc DATA     _AccGyro_GyroAccelLPF_SMPRTDIVCo
               00:EDE6   Loc DATA     _CF_Accel_ForceMagApprox
               00:EF6E   Loc DATA     _PWMtoRPMOffset_Mot2
               00:EF70   Loc DATA     _PWMtoRPMOffset_Mot3
               00:EF72   Loc DATA     _PWMtoRPMOffset_Mot4
               00:EE0C   Loc DATA     _Mag_Zout
               00:EEDE   Loc DATA     _Accel_PID_XRollErrSum
               00:EF22   Loc DATA     _Accel_PID_GoCounter
               00:EEC2   Loc DATA     _CF_StdDev_Mtmp_X
               00:EEC6   Loc DATA     _CF_StdDev_Mtmp_Y
               00:EED2   Loc DATA     _CF_StdDev_K
               00:EE66   Loc DATA     _Mag_PIDCurrentCount
               00:EC92   Loc DATA     _AccGyro_Data
               00:EEA0   Loc DATA     _CF_XRoll_avg
               00:EF0A   Loc DATA     _Accel_PID_YPitch_kp
               00:EF0E   Loc DATA     _Accel_PID_YPitch_ki
               00:EF12   Loc DATA     _Accel_PID_YPitch_kd
               00:EE6E   Loc DATA     _Mag_PIDdErr
               00:EF5B   Loc DATA     _PWMflag
               00:EDC9   Loc DATA     _AccGyro_INTENABLEReg_contents
               00:EDBF   Loc DATA     _AccGyro_GyroConfig_Contents
               00:EDFA   Loc DATA     _HMC5883Address
               00:EED6   Loc DATA     _Accel_PID_XRollError
               00:EF65   Loc DATA     _PWMSensorResPerInc
               00:EDDE   Loc DATA     _CF_Gyro_XRoll
               00:EEFA   Loc DATA     _Accel_PID_YPitchdErr
               00:EDB4   Loc DATA     _MPU6050Address
               00:EF66   Loc DATA     _PWMUpperLowerDiff
               00:062E   Loc TABLE    __uartSetParam
               00:EF36   Loc DATA     _Range_PIDdErr
               00:EF60   Loc DATA     _PWMSafeDuty
               00:EEBA   Loc DATA     _CF_StdDev_M_X
               00:EEBE   Loc DATA     _CF_StdDev_M_Y
               00:EEF2   Loc DATA     _Accel_PID_YPitchErrPrev
               00:EEB2   Loc DATA     _CF_XRoll_low
               00:EECA   Loc DATA     _CF_StdDev_S_X
               00:EECE   Loc DATA     _CF_StdDev_S_Y
               00:EDFF   Loc DATA     _Mag_ModeReg
               00:EDFE   Loc DATA     _Mag_ConfigB_Contents
               00:EDCE   Loc DATA     _Temp_out
               00:EDB5   Loc DATA     _AccGyro_PWRMGMT1REG
               00:EF58   Loc DATA     _Accel_PID_DBounds_Var_Neg
               00:EDFC   Loc DATA     _Mag_ConfigA_Contents
               00:EDBE   Loc DATA     _AccGyro_GyroConfig
               00:EF32   Loc DATA     _Range_PIDErrSum
               00:EE8A   Loc DATA     _CF_YPitch
               00:EF54   Loc DATA     _Accel_PID_DBounds_Var_Pos
               00:ECA0   Loc DATA     _Range_Output
               00:EF6C   Loc DATA     _PWMLowerDutyLimitRun
               00:EEB6   Loc DATA     _CF_avgCnt
               00:EF5A   Loc DATA     _PrePIDCount
               00:EDC4   Loc DATA     _AccGyro_GyroAccelLPF
               00:EE24   Loc DATA     _Range_Address
               00:EE18   Loc DATA     _Mag_DeclinationAngle
               00:EE9B   Loc DATA     _CF_Counter
               00:EF2E   Loc DATA     _Range_PIDCurrentCount
               00:EE2C   Loc DATA     _Range_ZHiThres
               00:EE30   Loc DATA     _Range_ZLoThres
               00:EE5C   Loc DATA     _Mag_PIDAngleScaled
               00:EF2C   Loc DATA     _Range_PIDCounter
               00:EF68   Loc DATA     _PWMUpperDutyLimitRun
               00:EE34   Loc DATA     _Range_Ceiling
               00:EEEE   Loc DATA     _Accel_PID_YPitchErrSum
               00:EEAA   Loc DATA     _CF_XRoll_high
               00:EE4C   Loc DATA     _Mag_CCWThres
               00:ECA2   Loc DATA     _Accel_Zcal
               00:EEDC   Loc DATA     _Accel_PID_XRollCounter_D
               00:EEDA   Loc DATA     _Accel_PID_XRollCounter_I
               00:EE02   Loc DATA     _Mag_Status
               00:EDB8   Loc DATA     _AccGyro_AccelConfig_Contents
               00:EE58   Loc DATA     _Mag_PIDCorrectionFactor
               00:ECAE   Loc DATA     _Accel_Xcal
               00:EDC0   Loc DATA     _AccGyro_GyroScaling
               00:EDD6   Loc DATA     _CF_Accel_XRoll
               00:ECBA   Loc DATA     _Mag_Data
               00:ECC0   Loc DATA     _Accel_Xout
               00:EEEC   Loc DATA     _Accel_PID_YPitchCounter_D
               00:EEEA   Loc DATA     _Accel_PID_YPitchCounter_I
               00:EEA4   Loc DATA     _CF_highlow_flag
               00:ECE8   Loc DATA     _Accel_Ycal
               00:EDCA   Loc DATA     _AccGYRO_Test
               00:ECF4   Loc DATA     _SensorReturnSM
               00:EDEA   Loc DATA     _CF_Gyro_CurrentCount
               00:EE72   Loc DATA     _Mag_PIDErrPrev
               00:EE9A   Loc DATA     _CF_UseFlag
               00:EF4E   Loc DATA     _TestingEndTimer
               00:EDDA   Loc DATA     _CF_Accel_YPitch
               00:EE10   Loc DATA     _Mag_Angle
               00:EE14   Loc DATA     _Mag_GainFactor
               00:EDC8   Loc DATA     _AccGyro_INTENABLEReg
               00:EF5C   Loc DATA     _PWMUpperDutyLimitCalib
               00:ED26   Loc DATA     _testI
               00:ED28   Loc DATA     _testD
               00:EE54   Loc DATA     _Mag_PIDSetpoint
               00:ED2A   Loc DATA     _testP
               00:EDBA   Loc DATA     _AccGyro_AccelScaling
               00:EE38   Loc DATA     _Accel_XLoThres
               00:EE44   Loc DATA     _Accel_YHiThres
               00:EF42   Loc DATA     _Range_PID_kp
               00:EE3C   Loc DATA     _Accel_XHiThres
               00:EE25   Loc DATA     _Range_TakeRangeReading
               00:EF4A   Loc DATA     _Range_PID_kd
               00:ED2C   Loc DATA     _Accel_Yout
               00:EF46   Loc DATA     _Range_PID_ki
               00:EE28   Loc DATA     _MotorStep
               00:2130   Pub CODE     _SerialOutCoefficients
               00:2D8A   Pub CODE     _PortB_Low
               00:70B0   Pub CODE     _CalibrateMotors
               00:574E   Pub CODE     _ESC3_PWM
               00:7810   Pub CODE     _CalibrateGyro
               00:3756   Pub CODE     _PortA_Low
               00:2412   Pub CODE     _Run_AccGyroCF
               00:08EA   Pub CODE     _SoftStart
               00:EF18   Pub DATA     _Accel_PID_XYChangeFlag
               00:ED54   Loc DATA     _Accel_Zout
               00:EF50   Loc DATA     _Timer8Counter
               00:EDC5   Loc DATA     _AccGyro_GyroAccelLPF_Contents
               00:EDF6   Loc DATA     _Gyro_Zcal
               00:EF16   Loc DATA     _Accel_PID_IFlag
               00:EDFB   Loc DATA     _Mag_ConfigA
               00:EDFD   Loc DATA     _Mag_ConfigB
               00:EE01   Loc DATA     _Mag_ReadData
               00:EE40   Loc DATA     _Accel_YLoThres
               00:EDF2   Loc DATA     _Gyro_Ycal
               00:EE1C   Loc DATA     _timer_us
               00:ED7C   Loc DATA     _Gyro_Xout
               00:EDEE   Loc DATA     _Gyro_Xcal
               00:EE9C   Loc DATA     _CF_YPitch_avg
               00:EE92   Loc DATA     _CF_HPF
               00:EF3A   Loc DATA     _Range_PIDErrPrev
               00:EE1E   Loc DATA     _Ping_timer

Module         Value     Type         Symbol
------         -----     ----------   ------
ml610112
              0000EFFF   Loc NUMBER   NEAR_RAM_END
              0000E000   Loc NUMBER   NEAR_RAM_START
               00:7B38   Loc CODE     __wdtcounter_clear
              000000FF   Loc NUMBER   _$$WINVAL
               00:7FFF   Loc TABLE    _$$ROMWINEND
               00:7B1A   Loc CODE     $begin
               00:0000   Loc TABLE    _$$ROMWINSTART
               00:7B4C   Loc CODE     __init_loop
               00:7B98   Loc CODE     __init_end
               00:7B18   Loc CODE     $$brk_reset
               00:7B58   Loc CODE     __skip
               00:7B74   Loc CODE     __init_loop2
               00:7B86   Loc CODE     __loop_by_byte
               00:7B28   Loc CODE     __near_ram_loop
               00:7B16   Pub CODE     $$start_up


Module         Value     Type         Symbol
------         -----     ----------   ------
tbc

Module         Value     Type         Symbol
------         -----     ----------   ------
timer
               00:37BE   Pub CODE     _tm_init

Module         Value     Type         Symbol
------         -----     ----------   ------
uart
               00:0680   Pub CODE     _uart_PortSet
               00:6ACE   Pub CODE     _uart_startReceive
               00:1FEA   Pub CODE     _uart_init
               00:0CDC   Pub CODE     _uart_ErrSet
               00:4384   Pub CODE     _uart_stop
               00:1D68   Pub CODE     _uart_startSend
               00:075A   Pub CODE     _uart_continue
               00:23E8   Pub CODE     _uart_PortClear
               00:EB66   Loc DATA     __Err_Status
               00:EFA0   Loc DATA     __gsCtrlParam

Module         Value     Type         Symbol
------         -----     ----------   ------
atan

Module         Value     Type         Symbol
------         -----     ----------   ------
xatan

Module         Value     Type         Symbol
------         -----     ----------   ------
xpoly

Module         Value     Type         Symbol
------         -----     ----------   ------
sprintf_nn

Module         Value     Type         Symbol
------         -----     ----------   ------
pow

Module         Value     Type         Symbol
------         -----     ----------   ------
xdunscal

Module         Value     Type         Symbol
------         -----     ----------   ------
xdnorm

Module         Value     Type         Symbol
------         -----     ----------   ------
xexp

Module         Value     Type         Symbol
------         -----     ----------   ------
xvalues

Module         Value     Type         Symbol
------         -----     ----------   ------
xdtest

Module         Value     Type         Symbol
------         -----     ----------   ------
xlog

Module         Value     Type         Symbol
------         -----     ----------   ------
xdint

Module         Value     Type         Symbol
------         -----     ----------   ------
atan2

Module         Value     Type         Symbol
------         -----     ----------   ------
xdscale

Module         Value     Type         Symbol
------         -----     ----------   ------
sscanf_nn

Module         Value     Type         Symbol
------         -----     ----------   ------
memcpy_nf

Module         Value     Type         Symbol
------         -----     ----------   ------
errno

Module         Value     Type         Symbol
------         -----     ----------   ------
xscanf_n

Module         Value     Type         Symbol
------         -----     ----------   ------
xgetfld_n

Module         Value     Type         Symbol
------         -----     ----------   ------
xctype

Module         Value     Type         Symbol
------         -----     ----------   ------
memchr_n

Module         Value     Type         Symbol
------         -----     ----------   ------
strchr_n

Module         Value     Type         Symbol
------         -----     ----------   ------
xgetfloa

Module         Value     Type         Symbol
------         -----     ----------   ------
xstod_n

Module         Value     Type         Symbol
------         -----     ----------   ------
xdtento

Module         Value     Type         Symbol
------         -----     ----------   ------
xgetint

Module         Value     Type         Symbol
------         -----     ----------   ------
xstoul_n

Module         Value     Type         Symbol
------         -----     ----------   ------
strtol_n

Module         Value     Type         Symbol
------         -----     ----------   ------
xprintf_nn

Module         Value     Type         Symbol
------         -----     ----------   ------
strcpy_nn

Module         Value     Type         Symbol
------         -----     ----------   ------
abs

Module         Value     Type         Symbol
------         -----     ----------   ------
xputfld

Module         Value     Type         Symbol
------         -----     ----------   ------
xldtob

Module         Value     Type         Symbol
------         -----     ----------   ------
xgenld

Module         Value     Type         Symbol
------         -----     ----------   ------
strlen_f

Module         Value     Type         Symbol
------         -----     ----------   ------
ldiv

Module         Value     Type         Symbol
------         -----     ----------   ------
xldunsca

Module         Value     Type         Symbol
------         -----     ----------   ------
memcpy_ff

Module         Value     Type         Symbol
------         -----     ----------   ------
memcpy_fn

Module         Value     Type         Symbol
------         -----     ----------   ------
xlitob

End of mapfile.
