RLU8 Object Linker, Ver.1.51.2 Linkage Information
[Wed May 28 17:51:31 2014]


                         ------------------
                          Control Synopsis
                         ------------------

I/O controls:    D  SD NS NA
Other controls: CC STACK( 0100H(256) )
                COMB( $$content_of_init $$end_of_init )
                COMB( $$init_info $$init_info_end )



                        ------------------------
                         Object Module Synopsis
                        ------------------------
                                                                Creator
Module Name           File Name                                 CCU8     RASU8
-----------           ---------                                 -----    -----
i2c                   _output\_obj\i2c.obj                      3.41     1.61
irq                   _output\_obj\irq.obj                      3.41     1.61
main                  _output\_obj\main.obj                     3.41     1.61
ml610112              _output\_obj\ml610112.obj                 -.--     1.61
tbc                   _output\_obj\tbc.obj                      3.41     1.61
timer                 _output\_obj\timer.obj                    3.41     1.61
uart                  _output\_obj\uart.obj                     3.41     1.61
FNEGSW                C:\PROGRA~1\U8Dev\Lib\doubleu8.lib        -.--     1.04
atan                  C:\PROGRA~1\U8Dev\Lib\LU8100SW.lib        -.--     1.04
DNEGSW                C:\PROGRA~1\U8Dev\Lib\doubleu8.lib        -.--     1.04
xatan                 C:\PROGRA~1\U8Dev\Lib\LU8100SW.lib        -.--     1.04
xpoly                 C:\PROGRA~1\U8Dev\Lib\LU8100SW.lib        -.--     1.04
sprintf_nn            C:\PROGRA~1\U8Dev\Lib\LU8100SW.lib        -.--     1.04
ULDIVSW               C:\PROGRA~1\U8Dev\Lib\longu8.lib          -.--     1.04
DIV32SW               C:\PROGRA~1\U8Dev\Lib\longu8.lib          -.--     1.04
pow                   C:\PROGRA~1\U8Dev\Lib\LU8100SW.lib        -.--     1.04
xdunscal              C:\PROGRA~1\U8Dev\Lib\LU8100SW.lib        -.--     1.04
xdnorm                C:\PROGRA~1\U8Dev\Lib\LU8100SW.lib        -.--     1.04
UIDIVSW               C:\PROGRA~1\U8Dev\Lib\longu8.lib          -.--     1.04
DDIVSW                C:\PROGRA~1\U8Dev\Lib\doubleu8.lib        -.--     1.04
ETODSW                C:\PROGRA~1\U8Dev\Lib\doubleu8.lib        -.--     1.04
SHIFTSW               C:\PROGRA~1\U8Dev\Lib\doubleu8.lib        -.--     1.04
FDIVSW                C:\PROGRA~1\U8Dev\Lib\doubleu8.lib        -.--     1.04
DTOFSW                C:\PROGRA~1\U8Dev\Lib\doubleu8.lib        -.--     1.04
DSUBSW                C:\PROGRA~1\U8Dev\Lib\doubleu8.lib        -.--     1.04
FSUBSW                C:\PROGRA~1\U8Dev\Lib\doubleu8.lib        -.--     1.04
xexp                  C:\PROGRA~1\U8Dev\Lib\LU8100SW.lib        -.--     1.04
xvalues               C:\PROGRA~1\U8Dev\Lib\LU8100SW.lib        -.--     1.04
xdtest                C:\PROGRA~1\U8Dev\Lib\LU8100SW.lib        -.--     1.04
xlog                  C:\PROGRA~1\U8Dev\Lib\LU8100SW.lib        -.--     1.04
xdint                 C:\PROGRA~1\U8Dev\Lib\LU8100SW.lib        -.--     1.04
atan2                 C:\PROGRA~1\U8Dev\Lib\LU8100SW.lib        -.--     1.04
DTOESW                C:\PROGRA~1\U8Dev\Lib\doubleu8.lib        -.--     1.04
ROUNSW                C:\PROGRA~1\U8Dev\Lib\doubleu8.lib        -.--     1.04
NORMSW                C:\PROGRA~1\U8Dev\Lib\doubleu8.lib        -.--     1.04
FTOESW                C:\PROGRA~1\U8Dev\Lib\doubleu8.lib        -.--     1.04
xdscale               C:\PROGRA~1\U8Dev\Lib\LU8100SW.lib        -.--     1.04
sscanf_nn             C:\PROGRA~1\U8Dev\Lib\LU8100SW.lib        -.--     1.04
memcpy_nf             C:\PROGRA~1\U8Dev\Lib\LU8100SW.lib        -.--     1.04
errno                 C:\PROGRA~1\U8Dev\Lib\LU8100SW.lib        -.--     1.04
CIDIMOSW              C:\PROGRA~1\U8Dev\Lib\longu8.lib          -.--     1.04
xscanf_n              C:\PROGRA~1\U8Dev\Lib\LU8100SW.lib        -.--     1.04
xgetfld_n             C:\PROGRA~1\U8Dev\Lib\LU8100SW.lib        -.--     1.04
xctype                C:\PROGRA~1\U8Dev\Lib\LU8100SW.lib        -.--     1.04
memchr_n              C:\PROGRA~1\U8Dev\Lib\LU8100SW.lib        -.--     1.04
strchr_n              C:\PROGRA~1\U8Dev\Lib\LU8100SW.lib        -.--     1.04
xgetfloa              C:\PROGRA~1\U8Dev\Lib\LU8100SW.lib        -.--     1.04
EDIVSW                C:\PROGRA~1\U8Dev\Lib\doubleu8.lib        -.--     1.04
CMPFSW                C:\PROGRA~1\U8Dev\Lib\doubleu8.lib        -.--     1.04
ETOFSW                C:\PROGRA~1\U8Dev\Lib\doubleu8.lib        -.--     1.04
DADDSW                C:\PROGRA~1\U8Dev\Lib\doubleu8.lib        -.--     1.04
EADDSW                C:\PROGRA~1\U8Dev\Lib\doubleu8.lib        -.--     1.04
FADDSW                C:\PROGRA~1\U8Dev\Lib\doubleu8.lib        -.--     1.04
DCMPSW                C:\PROGRA~1\U8Dev\Lib\doubleu8.lib        -.--     1.04
ECMPSW                C:\PROGRA~1\U8Dev\Lib\doubleu8.lib        -.--     1.04
DILDSW                C:\PROGRA~1\U8Dev\Lib\doubleu8.lib        -.--     1.04
LTOESW                C:\PROGRA~1\U8Dev\Lib\doubleu8.lib        -.--     1.04
FCMPSW                C:\PROGRA~1\U8Dev\Lib\doubleu8.lib        -.--     1.04
FILDSW                C:\PROGRA~1\U8Dev\Lib\doubleu8.lib        -.--     1.04
DMULSW                C:\PROGRA~1\U8Dev\Lib\doubleu8.lib        -.--     1.04
EMULSW                C:\PROGRA~1\U8Dev\Lib\doubleu8.lib        -.--     1.04
DTOLSW                C:\PROGRA~1\U8Dev\Lib\doubleu8.lib        -.--     1.04
ETOLSW                C:\PROGRA~1\U8Dev\Lib\doubleu8.lib        -.--     1.04
FMULSW                C:\PROGRA~1\U8Dev\Lib\doubleu8.lib        -.--     1.04
FTOLSW                C:\PROGRA~1\U8Dev\Lib\doubleu8.lib        -.--     1.04
FTODSW                C:\PROGRA~1\U8Dev\Lib\doubleu8.lib        -.--     1.04
FULDSW                C:\PROGRA~1\U8Dev\Lib\doubleu8.lib        -.--     1.04
IMULSW                C:\PROGRA~1\U8Dev\Lib\longu8.lib          -.--     1.04
xstod_n               C:\PROGRA~1\U8Dev\Lib\LU8100SW.lib        -.--     1.04
xdtento               C:\PROGRA~1\U8Dev\Lib\LU8100SW.lib        -.--     1.04
LMULSW                C:\PROGRA~1\U8Dev\Lib\longu8.lib          -.--     1.04
xgetint               C:\PROGRA~1\U8Dev\Lib\LU8100SW.lib        -.--     1.04
xstoul_n              C:\PROGRA~1\U8Dev\Lib\LU8100SW.lib        -.--     1.04
strtol_n              C:\PROGRA~1\U8Dev\Lib\LU8100SW.lib        -.--     1.04
xprintf_nn            C:\PROGRA~1\U8Dev\Lib\LU8100SW.lib        -.--     1.04
strcpy_nn             C:\PROGRA~1\U8Dev\Lib\LU8100SW.lib        -.--     1.04
abs                   C:\PROGRA~1\U8Dev\Lib\LU8100SW.lib        -.--     1.04
xputfld               C:\PROGRA~1\U8Dev\Lib\LU8100SW.lib        -.--     1.04
xldtob                C:\PROGRA~1\U8Dev\Lib\LU8100SW.lib        -.--     1.04
SLDIVSW               C:\PROGRA~1\U8Dev\Lib\longu8.lib          -.--     1.04
xgenld                C:\PROGRA~1\U8Dev\Lib\LU8100SW.lib        -.--     1.04
SIDIVSW               C:\PROGRA~1\U8Dev\Lib\longu8.lib          -.--     1.04
strlen_f              C:\PROGRA~1\U8Dev\Lib\LU8100SW.lib        -.--     1.04
ldiv                  C:\PROGRA~1\U8Dev\Lib\LU8100SW.lib        -.--     1.04
xldunsca              C:\PROGRA~1\U8Dev\Lib\LU8100SW.lib        -.--     1.04
SLDIMOSW              C:\PROGRA~1\U8Dev\Lib\longu8.lib          -.--     1.04
memcpy_ff             C:\PROGRA~1\U8Dev\Lib\LU8100SW.lib        -.--     1.04
memcpy_fn             C:\PROGRA~1\U8Dev\Lib\LU8100SW.lib        -.--     1.04
SIDIMOSW              C:\PROGRA~1\U8Dev\Lib\longu8.lib          -.--     1.04
SIMODSW               C:\PROGRA~1\U8Dev\Lib\longu8.lib          -.--     1.04
xlitob                C:\PROGRA~1\U8Dev\Lib\LU8100SW.lib        -.--     1.04
ULMODSW               C:\PROGRA~1\U8Dev\Lib\longu8.lib          -.--     1.04


Number of Modules: 92

Number of Symbols:
 +---------------------------------------------------------------------------+
 |          | CODE | DATA | BIT  |NVDATA|NVBIT |TABLE |NUMBER| TBIT || total |
 |----------+------+------+------+------+------+------+------+------++-------|
 | SEGMENT  |   204|    10|     0|     0|     0|    40|      |      ||    254|
 |----------+------+------+------+------+------+------+------+------++-------|
 | COMMUNAL |     0|     3|     0|     0|     0|     0|      |      ||      3|
 |----------+------+------+------+------+------+------+------+------++-------|
 | PUBLIC   |   154|     2|     0|     0|     0|     6|     0|     0||    162|
 +---------------------------------------------------------------------------+

Target:  ML610112 
Model:   SMALL


Memory Map - Program memory space #0:
      Type     Start      Stop
     -----------------------------
      ROM      00:0000    00:7FFF

Memory Map - Data memory space #0:
      Type     Start      Stop
     -----------------------------
      RAM      00:E000    00:FFFF

Memory Map - Memory space above #1:
      Type     Start      Stop
     -----------------------------
      ROM      02:0000    02:0FFF
      ROM      08:0000    08:7FFF
      ROM      0A:0000    0A:0FFF

                         ------------------
                          Segment Synopsis
                         ------------------

Link Map - Program memory space #0 ( ROMWINDOW: 0000 - 7FFF )

      Type     Start      Stop       Size              Name
     -------------------------------------------------------
      S CODE   00:0000    00:0001    0002(2)           (absolute)
      S CODE   00:0002    00:0003    0002(2)           (absolute)
      S CODE   00:0004    00:0005    0002(2)           (absolute)
      S CODE   00:0006    00:0007    0002(2)           $$_intUndefHdr$irq
      S CODE   00:0008    00:0009    0002(2)           (absolute)
      S CODE   00:000A    00:000A    0000(0)           $$content_of_init
      S CODE   00:000A    00:000B    0002(2)           $$end_of_init
      S CODE   00:000C    00:0077    006C(108)         (absolute)
      S TABLE  00:0078    00:00C7    0050(80)          $$XNTABxldtob
      S TABLE  00:00C8    00:00ED    0026(38)          $$XNTABxgetint
      S TABLE  00:00EE    00:0145    0058(88)          $$XNTABxprintf_nn
      S TABLE  00:0146    00:01C5    0080(128)         $$TABLE_SEGMENT
      S TABLE  00:01C6    00:01E0    001B(27)          $$TAB$$S279$main
>GAP<          00:01E1    00:01E1    0001(1)           (ROM)
      S TABLE  00:01E2    00:0211    0030(48)          $$TAB$$S398$main
      S TABLE  00:0212    00:0214    0003(3)           $$TAB$$S216$main
>GAP<          00:0215    00:0215    0001(1)           (ROM)
      S TABLE  00:0216    00:0230    001B(27)          $$TAB$$S229$main
>GAP<          00:0231    00:0231    0001(1)           (ROM)
      S TABLE  00:0232    00:024D    001C(28)          $$TAB$$S240$main
      S TABLE  00:024E    00:0299    004C(76)          $$TAB$$S254$main
      S TABLE  00:029A    00:04A5    020C(524)         $$NINITTAB
      S TABLE  00:04A6    00:0545    00A0(160)         $$XNTABxatan
      S TABLE  00:0546    00:054D    0008(8)           $$XNTABxscanf_n
      S TABLE  00:054E    00:0597    004A(74)          $$XNTABxdtento
      S TABLE  00:0598    00:05B9    0022(34)          $$XNTABxlitob
      S TABLE  00:05BA    00:05C1    0008(8)           $$init_info
      S TABLE  00:05C2    00:05C3    0002(2)           $$init_info_end
      S TABLE  00:05C4    00:05EB    0028(40)          $$XNTABxvalues
      S TABLE  00:05EC    00:0635    004A(74)          $$XNTABxstoul_n
      S TABLE  00:0636    00:065D    0028(40)          $$XNTABxstod_n
      S TABLE  00:065E    00:0667    000A(10)          $$TAB_uartSetParam$main
      S TABLE  00:0668    00:0679    0012(18)          $$TAB$$S775$main
      S TABLE  00:067A    00:06A5    002C(44)          $$TAB$$S442$main
      S TABLE  00:06A6    00:06C2    001D(29)          $$TAB$$S44$main
>GAP<          00:06C3    00:06C3    0001(1)           (ROM)
      S CODE   00:06C4    00:06ED    002A(42)          $$uart_PortSet$uart
      S CODE   00:06EE    00:0709    001C(28)          $$_intT16HINT$irq
      S CODE   00:070A    00:0725    001C(28)          $$_intPB0INT$irq
      S CODE   00:0726    00:0741    001C(28)          $$_intPB1INT$irq
      S CODE   00:0742    00:078B    004A(74)          $$XNCODmemcpy_ff
      S CODE   00:078C    00:0883    00F8(248)         $$uart_continue$uart
      S CODE   00:0884    00:089F    001C(28)          $$_intPA0INT$irq
      S CODE   00:08A0    00:08E3    0044(68)          $$XNCODmemcpy_fn
      S CODE   00:08E4    00:08FF    001C(28)          $$_intPA1INT$irq
      S CODE   00:0900    00:091B    001C(28)          $$_intCMP1INT$irq
      S CODE   00:091C    00:0937    001C(28)          $$_intCMP0INT$irq
      S CODE   00:0938    00:093B    0004(4)           $$_intUart$main
      S CODE   00:093C    00:09A9    006E(110)         $$XNCODxdtest
      S CODE   00:09AA    00:0BED    0244(580)         $$XNCODxscanf_n
      S CODE   00:0BEE    00:0C1F    0032(50)          $$ESC2_PWM$main
      S CODE   00:0C20    00:0C2D    000E(14)          $$uart_ErrSet$uart
      S CODE   00:0C2E    00:0C49    001C(28)          $$_intTM8INT$irq
      S CODE   00:0C4A    00:0C65    001C(28)          $$_intTM9INT$irq
      S CODE   00:0C66    00:0C85    0020(32)          $$normu8sw
      S CODE   00:0C86    00:0CA1    001C(28)          $$_intTMEINT$irq
      S CODE   00:0CA2    00:0CC1    0020(32)          $$ulmodu8sw
      S CODE   00:0CC2    00:0CC3    0002(2)           $$NOP1000$main
      S CODE   00:0CC4    00:0CF5    0032(50)          $$ESC1_PWM$main
      S CODE   00:0CF6    00:0D11    001C(28)          $$_intTMAINT$irq
      S CODE   00:0D12    00:0D75    0064(100)         $$PortD_Low$main
      S CODE   00:0D76    00:0F5B    01E6(486)         $$XNCODxlitob
      S CODE   00:0F5C    00:0F7D    0022(34)          $$shiftu8sw
      S CODE   00:0F7E    00:0F99    001C(28)          $$_intUA0INT$irq
      S CODE   00:0F9A    00:0FB5    001C(28)          $$_intUA1INT$irq
      S CODE   00:0FB6    00:1029    0074(116)         $$XNCODxpoly
      S CODE   00:102A    00:1039    0010(16)          $$simodu8sw
      S CODE   00:103A    00:1057    001E(30)          $$XNCODstrcpy_nn
      S CODE   00:1058    00:10E1    008A(138)         $$XNCODxldunsca
      S CODE   00:10E2    00:1165    0084(132)         $$i2c_startReceive$i2c
      S CODE   00:1166    00:1171    000C(12)          $$roundu8sw
      S CODE   00:1172    00:11A7    0036(54)          $$ndmulu8sw
      S CODE   00:11A8    00:11BB    0014(20)          $$main_clrWDT$main
      S CODE   00:11BC    00:11E7    002C(44)          $$nfildu8sw
      S CODE   00:11E8    00:1211    002A(42)          $$ndtolu8sw
      S CODE   00:1212    00:124B    003A(58)          $$nfmulu8sw
      S CODE   00:124C    00:1275    002A(42)          $$nftolu8sw
      S CODE   00:1276    00:129B    0026(38)          $$nftodu8sw
      S CODE   00:129C    00:12B1    0016(22)          $$XNCODabs
      S CODE   00:12B2    00:1717    0466(1126)        $$XNCODxldtob
      S CODE   00:1718    00:1749    0032(50)          $$irq_setHdr$irq
      S CODE   00:174A    00:1809    00C0(192)         $$NOPms$main
      S CODE   00:180A    00:1A25    021C(540)         $$XNCODxstoul_n
      S CODE   00:1A26    00:1C7F    025A(602)         $$XNCODxdtento
      S CODE   00:1C80    00:1CD5    0056(86)          $$uart_startSend$uart
      S CODE   00:1CD6    00:1D3D    0068(104)         $$XNCODsscanf_nn
      S CODE   00:1D3E    00:1D41    0004(4)           $$irq_di$irq
      S CODE   00:1D42    00:1D45    0004(4)           $$irq_ei$irq
      S CODE   00:1D46    00:1D61    001C(28)          $$_intT2HINT$irq
      S CODE   00:1D62    00:1D97    0036(54)          $$ndaddu8sw
      S CODE   00:1D98    00:1DC7    0030(48)          $$ndcmpu8sw
      S CODE   00:1DC8    00:1E01    003A(58)          $$nfaddu8sw
      S CODE   00:1E02    00:1E2B    002A(42)          $$lloadu8sw
      S CODE   00:1E2C    00:1E5B    0030(48)          $$nfcmpu8sw
      S CODE   00:1E5C    00:1E9D    0042(66)          $$lmulu8sw
      S CODE   00:1E9E    00:1E9F    0002(2)           $$_intNullHdr$irq
      S CODE   00:1EA0    00:1EAD    000E(14)          $$_funcI2CFin$main
      S CODE   00:1EAE    00:1F01    0054(84)          $$floadu8sw
      S CODE   00:1F02    00:2047    0146(326)         $$uart_init$uart
      S CODE   00:2048    00:20F5    00AE(174)         $$SerialOutCoefficients$main
      S CODE   00:20F6    00:22F3    01FE(510)         $$XNCODxatan
      S CODE   00:22F4    00:231D    002A(42)          $$uart_PortClear$uart
      S CODE   00:231E    00:264F    0332(818)         $$Run_AccGyroCF$main
      S CODE   00:2650    00:2749    00FA(250)         $$daddu8sw
      S CODE   00:274A    00:27A3    005A(90)          $$dcmpu8sw
      S CODE   00:27A4    00:27CB    0028(40)          $$dildu8sw
      S CODE   00:27CC    00:2807    003C(60)          $$ClearVariables$main
      S CODE   00:2808    00:2839    0032(50)          $$ESC4_PWM$main
      S CODE   00:283A    00:2973    013A(314)         $$dmulu8sw
      S CODE   00:2974    00:2A7B    0108(264)         $$TMR89_ISR$main
      S CODE   00:2A7C    00:2AA5    002A(42)          $$imulu8sw
      S CODE   00:2AA6    00:2B17    0072(114)         $$dloadu8sw
      S CODE   00:2B18    00:2C0F    00F8(248)         $$Shutdown$main
      S CODE   00:2C10    00:2CD3    00C4(196)         $$PortB_Low$main
      S CODE   00:2CD4    00:2DF9    0126(294)         $$i2c_init$i2c
      S CODE   00:2DFA    00:2E15    001C(28)          $$_intPWDINT$irq
      S CODE   00:2E16    00:2E31    001C(28)          $$_intPWEINT$irq
      S CODE   00:2E32    00:330F    04DE(1246)        $$XNCODxprintf_nn
      S CODE   00:3310    00:3399    008A(138)         $$XNCODxdunscal
      S CODE   00:339A    00:3585    01EC(492)         $$XNCODatan2
      S CODE   00:3586    00:35BF    003A(58)          $$XNCODmemchr_n
      S CODE   00:35C0    00:35DB    001C(28)          $$_intPWFINT$irq
      S CODE   00:35DC    00:3627    004C(76)          $$PortA_Low$main
      S CODE   00:3628    00:3643    001C(28)          $$_intPWCINT$irq
      S CODE   00:3644    00:367B    0038(56)          $$tm_init$timer
      S CODE   00:367C    00:36A9    002E(46)          $$i2c_stop$i2c
      S CODE   00:36AA    00:3B6D    04C4(1220)        $$XNCODxgenld
      S CODE   00:3B6E    00:3B7F    0012(18)          $$ndnegu8sw
      S CODE   00:3B80    00:3B9F    0020(32)          $$uldivu8sw
      S CODE   00:3BA0    00:3BA9    000A(10)          $$_branchHdr$irq
      S CODE   00:3BAA    00:3C09    0060(96)          $$sldimou8sw
      S CODE   00:3C0A    00:3D8B    0182(386)         $$main$main
      S CODE   00:3D8C    00:3DB1    0026(38)          $$XNCODstrlen_f
      S CODE   00:3DB2    00:3DD5    0024(36)          $$XNCODstrchr_n
      S CODE   00:3DD6    00:3E2F    005A(90)          $$irq_init$irq
      S CODE   00:3E30    00:4211    03E2(994)         $$XNCODxgetfloa
      S CODE   00:4212    00:422D    001C(28)          $$uart_stop$uart
      S CODE   00:422E    00:4591    0364(868)         $$UARTTunePID$main
      S CODE   00:4592    00:496B    03DA(986)         $$XNCODxstod_n
      S CODE   00:496C    00:4BA7    023C(572)         $$Get_AccGyroData$main
      S CODE   00:4BA8    00:4BB5    000E(14)          $$sidivu8sw
      S CODE   00:4BB6    00:4C79    00C4(196)         $$PortC_Low$main
      S CODE   00:4C7A    00:4C93    001A(26)          $$sldivu8sw
      S CODE   00:4C94    00:4CD3    0040(64)          $$cidimou8sw
      S CODE   00:4CD4    00:4D07    0034(52)          $$sidimou8sw
      S CODE   00:4D08    00:4D89    0082(130)         $$CheckSafetyLimit$main
      S CODE   00:4D8A    00:5153    03CA(970)         $$Initialization$main
      S CODE   00:5154    00:515F    000C(12)          $$uidivu8sw
      S CODE   00:5160    00:516D    000E(14)          $$_funcUartFin$main
      S CODE   00:516E    00:5171    0004(4)           $$_intI2c$main
      S CODE   00:5172    00:519B    002A(42)          $$ndtofu8sw
      S CODE   00:519C    00:51AF    0014(20)          $$ndsubu8sw
      S CODE   00:51B0    00:53F1    0242(578)         $$XNCODxdscale
      S CODE   00:53F2    00:5405    0014(20)          $$nfsubu8sw
      S CODE   00:5406    00:5437    0032(50)          $$ESC3_PWM$main
      S CODE   00:5438    00:5475    003E(62)          $$lstoru8sw
      S CODE   00:5476    00:56D7    0262(610)         $$i2c_continue$i2c
      S CODE   00:56D8    00:56F1    001A(26)          $$AccelGyroDataReady_ISR$main
      S CODE   00:56F2    00:570D    001C(28)          $$_intPB2INT$irq
      S CODE   00:570E    00:5729    001C(28)          $$_intPB3INT$irq
      S CODE   00:572A    00:57B1    0088(136)         $$fstoru8sw
      S CODE   00:57B2    00:57CD    001C(28)          $$_intPA2INT$irq
      S CODE   00:57CE    00:57E9    001C(28)          $$_intT32HINT$irq
      S CODE   00:57EA    00:5805    001C(28)          $$_intVLSINT$irq
      S CODE   00:5806    00:5967    0162(354)         $$XNCODxdnorm
      S CODE   00:5968    00:59CD    0066(102)         $$XNCODldiv
      S CODE   00:59CE    00:59ED    0020(32)          $$SetOSC$main
      S CODE   00:59EE    00:5A23    0036(54)          $$nddivu8sw
      S CODE   00:5A24    00:5A8F    006C(108)         $$XNCODsprintf_nn
      S CODE   00:5A90    00:5AC9    003A(58)          $$nfdivu8sw
      S CODE   00:5ACA    00:5E21    0358(856)         $$XNCODxgetfld_n
      S CODE   00:5E22    00:6029    0208(520)         $$Debug_STEPTest$main
      S CODE   00:602A    00:606B    0042(66)          $$uart_startReceive$uart
      S CODE   00:606C    00:6087    001C(28)          $$_intSADINT$irq
      S CODE   00:6088    00:60A3    001C(28)          $$_intT128HINT$irq
      S CODE   00:60A4    00:653D    049A(1178)        $$XNCODxputfld
      S CODE   00:653E    00:65D5    0098(152)         $$NOP$main
      S CODE   00:65D6    00:65EF    001A(26)          $$_intWDTINT$irq
      S CODE   00:65F0    00:66A3    00B4(180)         $$dstoru8sw
      S CODE   00:66A4    00:6827    0184(388)         $$CalibrateMotors$main
      S CODE   00:6828    00:6843    001C(28)          $$_intTMFINT$irq
      S CODE   00:6844    00:685F    001C(28)          $$_intTMBINT$irq
      S CODE   00:6860    00:690D    00AE(174)         $$XNCODstrtol_n
      S CODE   00:690E    00:6D51    0444(1092)        $$XNCODxgetint
      S CODE   00:6D52    00:6D6D    001C(28)          $$_intI2CSINT$irq
      S CODE   00:6D6E    00:6EAD    0140(320)         $$ddivu8sw
      S CODE   00:6EAE    00:6EC9    001C(28)          $$_intSIO0INT$irq
      S CODE   00:6ECA    00:6EE5    001C(28)          $$cmpfu8sw
      S CODE   00:6EE6    00:6F13    002E(46)          $$div32u8sw
      S CODE   00:6F14    00:6F2F    001C(28)          $$_intI2CMINT$irq
      S CODE   00:6F30    00:7171    0242(578)         $$CalibrateGyro$main
      S CODE   00:7172    00:7201    0090(144)         $$NCODml610112sw
      S CODE   00:7202    00:723F    003E(62)          $$XNCODmemcpy_nf
      S CODE   00:7240    00:72B5    0076(118)         $$i2c_startSend$i2c
      S TABLE  00:72B6    00:73BA    0105(261)         $$XFTABxctype
>GAP<          00:73BB    00:7FDF    0C25(3109)        (ROM)
      S CODE   00:7FE0    00:7FFF    0020(32)          (absolute)


Link Map - Data memory space #0

      Type     Start      Stop       Size              Name
     -------------------------------------------------------
      Q ROMWIN 00:0000    00:7FFF    8000(32768)       (ROMWIN)
>GAP<          00:E000.0  00:E951.7  0952.0(2386.0)    (RAM)
      S DATA   00:E952    00:EA51    0100(256)         $STACK
      S DATA   00:EA52    00:EAA2    0051(81)          $$XNVARxgetint
>GAP<          00:EAA3.0  00:EAA3.7  0001.0(1.0)       (RAM)
      S DATA   00:EAA4    00:EAE1    003E(62)          $$NVARirq
      S DATA   00:EAE2    00:EB32    0051(81)          $$XNVARxgetfloa
>GAP<          00:EB33.0  00:EB33.7  0001.0(1.0)       (RAM)
      S DATA   00:EB34    00:EB67    0034(52)          $$XNVARxstod_n
      S DATA   00:EB68    00:EB68    0001(1)           $$NVARuart
      C DATA   00:EB69    00:EB69    0001(1)           __reqNotHalt
      S DATA   00:EB6A    00:ED9F    0236(566)         $$NVARmain
      S DATA   00:EDA0    00:EFAB    020C(524)         $$NINITVAR
      S DATA   00:EFAC    00:EFED    0042(66)          $$XNVARxprintf_nn
      C DATA   00:EFEE    00:EFEE    0001(1)           __flgI2CFin
      C DATA   00:EFEF    00:EFEF    0001(1)           __flgUartFin
      S DATA   00:EFF0    00:EFFF    0010(16)          $$XNVARxscanf_n
      Q SFR    00:F000    00:FFFF    1000(4096)        (SFR)


Link Map - Memory space above #1

      Type     Start      Stop       Size              Name
     -------------------------------------------------------
 ---
      S TABLE  02:0000    02:0FFF    1000(4096)        (absolute)
 ---
      S TABLE  08:0000    08:7FFF    8000(32768)       (absolute)
 ---
      S TABLE  0A:0000    0A:0FFF    1000(4096)        (absolute)


Not Linked segments:

      Module Name         Type       Size              Segment Name 
     --------------------------------------------------------------
      i2c
                          CODE       0006(6)           $$i2c_getTransSize$i2c
                          CODE       0012(18)          $$i2c_checkIRQ$i2c
                          CODE       0006(6)           $$i2c_clearIRQ$i2c
     --------------------------------------------------------------
      main
                          CODE       02AC(684)         $$Get_MagData$main
                          CODE       011C(284)         $$MagSensorControl$main
                          CODE       0060(96)          $$SoftStart$main
                          CODE       0008(8)           $$main_reqNotHalt$main
                          TABLE      003F(63)          $$TAB$$S295$main
                          TABLE      005B(91)          $$TAB$$S351$main
                          TABLE      001C(28)          $$TAB$$S376$main
                          TABLE      0018(24)          $$TAB$$S190$main
                          TABLE      0009(9)           $$TAB$$S203$main
                          TABLE      005A(90)          $$TAB$$S326$main
                          CODE       00EE(238)         $$DistanceSensorControl$main
                          CODE       009A(154)         $$Get_RangeData$main
                          CODE       0016(22)          $$NOPus$main
                          CODE       000A(10)          $$TBC_ISR$main
                          CODE       0070(112)         $$ReturnAccelData$main
                          CODE       000E(14)          $$checkI2C$main
                          CODE       009A(154)         $$Get_PingData$main
                          CODE       03A8(936)         $$MagSensorControlPID$main
                          CODE       00AA(170)         $$CheckSafetyLimitUnscaled$main
                          CODE       0152(338)         $$RampUpMotorTest$main
                          CODE       001A(26)          $$analog_comparator$main
                          CODE       0040(64)          $$PortA_Digital_Inputs$main
                          CODE       027E(638)         $$RangeSensorControlPID$main
                          CODE       03DC(988)         $$approx_arctan2$main
                          TABLE      000C(12)          $$TAB$$S509$main
                          CODE       0098(152)         $$ReturnSensorData$main
                          CODE       06A6(1702)        $$AccelSensorControlPID$main
                          CODE       05B0(1456)        $$CalibrateAccel$main
                          CODE       006E(110)         $$ReturnMagData$main
     --------------------------------------------------------------
      uart
                          CODE       0006(6)           $$uart_clearIRQ$uart
                          CODE       0012(18)          $$uart_checkIRQ$uart
                          CODE       0008(8)           $$uart_ErrClr$uart
                          CODE       0006(6)           $$uart_ErrGet$uart
                          CODE       0006(6)           $$uart_getTransSize$uart
     --------------------------------------------------------------
      FNEGSW
                          CODE       0012(18)          $$nfnegu8sw
     --------------------------------------------------------------
      atan
                          CODE       0128(296)         $$XNCODatan
                          TABLE      0008(8)           $$XNTABatan
     --------------------------------------------------------------
      pow
                          TABLE      001A(26)          $$XNTABpow
                          CODE       06FE(1790)        $$XNCODpow
     --------------------------------------------------------------
      xexp
                          TABLE      0058(88)          $$XNTABxexp
                          CODE       02BA(698)         $$XNCODxexp
     --------------------------------------------------------------
      xlog
                          TABLE      0050(80)          $$XNTABxlog
                          CODE       02FA(762)         $$XNCODxlog
     --------------------------------------------------------------
      xdint
                          TABLE      0050(80)          $$XNTABxdint
                          CODE       028C(652)         $$XNCODxdint
     --------------------------------------------------------------
      FULDSW
                          CODE       002C(44)          $$nfuldu8sw
     --------------------------------------------------------------


Total size (CODE  ) = 06C8A   (27786)
Total size (DATA  ) = 006AC   (1708)
Total size (BIT   ) = 00000.0 (0.0)
Total size (NVDATA) = 00000   (0)
Total size (NVBIT ) = 00000.0 (0.0)
Total size (TABLE ) = 0A74D   (42829)

          -----------------------
           Symbol Table Synopsis
          -----------------------

Module         Value     Type         Symbol
------         -----     ----------   ------
i2c
               00:367C   Pub CODE     _i2c_stop
               00:10E2   Pub CODE     _i2c_startReceive
               00:5476   Pub CODE     _i2c_continue
               00:7240   Pub CODE     _i2c_startSend
               00:2CD4   Pub CODE     _i2c_init
               00:EDA0   Loc DATA     __gsCtrlParam

Module         Value     Type         Symbol
------         -----     ----------   ------
irq
               00:0900   Loc CODE     __intCMP1INT
               00:57CE   Loc CODE     __intT32HINT
               00:091C   Loc CODE     __intCMP0INT
               00:0C2E   Loc CODE     __intTM8INT
               00:0C4A   Loc CODE     __intTM9INT
               00:6088   Loc CODE     __intT128HINT
               00:1D46   Loc CODE     __intT2HINT
               00:6F14   Loc CODE     __intI2CMINT
               00:65D6   Loc CODE     __intWDTINT
               00:0884   Loc CODE     __intPA0INT
               00:0CF6   Loc CODE     __intTMAINT
               00:08E4   Loc CODE     __intPA1INT
               00:6EAE   Loc CODE     __intSIO0INT
               00:6D52   Loc CODE     __intI2CSINT
               00:606C   Loc CODE     __intSADINT
               00:070A   Loc CODE     __intPB0INT
               00:3BA0   Loc CODE     __branchHdr
               00:0C86   Loc CODE     __intTMEINT
               00:0726   Loc CODE     __intPB1INT
               00:6844   Loc CODE     __intTMBINT
               00:57B2   Loc CODE     __intPA2INT
               00:06EE   Loc CODE     __intT16HINT
               00:6828   Loc CODE     __intTMFINT
               00:56F2   Loc CODE     __intPB2INT
               00:570E   Loc CODE     __intPB3INT
               00:2DFA   Loc CODE     __intPWDINT
               00:2E16   Loc CODE     __intPWEINT
               00:3628   Loc CODE     __intPWCINT
               00:0F7E   Loc CODE     __intUA0INT
               00:0006   Loc CODE     __intUndefHdr
               00:0F9A   Loc CODE     __intUA1INT
               00:35C0   Loc CODE     __intPWFINT
               00:57EA   Loc CODE     __intVLSINT
               00:3DD6   Pub CODE     _irq_init
               00:1D3E   Pub CODE     _irq_di
               00:1D42   Pub CODE     _irq_ei
               00:1718   Pub CODE     _irq_setHdr
               00:1E9E   Loc CODE     __intNullHdr
               00:EAA4   Loc DATA     __sIrqHdr

Module         Value     Type         Symbol
------         -----     ----------   ------
main
               00:2B18   Pub CODE     _Shutdown
               00:174A   Pub CODE     _NOPms
               00:11A8   Pub CODE     _main_clrWDT
               00:0BEE   Pub CODE     _ESC2_PWM
               00:496C   Pub CODE     _Get_AccGyroData
               00:3C0A   Pub CODE     _main
               00:27CC   Pub CODE     _ClearVariables
               00:0D12   Pub CODE     _PortD_Low
               00:0CC2   Pub CODE     _NOP1000
               00:0CC4   Pub CODE     _ESC1_PWM
               00:4BB6   Pub CODE     _PortC_Low
               00:4D08   Pub CODE     _CheckSafetyLimit
               00:2808   Pub CODE     _ESC4_PWM
               00:422E   Pub CODE     _UARTTunePID
               00:2048   Pub CODE     _SerialOutCoefficients
               00:2C10   Pub CODE     _PortB_Low
               00:5160   Loc CODE     __funcUartFin
               00:4D8A   Loc CODE     _Initialization
               00:0938   Loc CODE     __intUart
               00:516E   Loc CODE     __intI2c
               00:59CE   Loc CODE     _SetOSC
               00:56D8   Loc CODE     _AccelGyroDataReady_ISR
               00:2974   Loc CODE     _TMR89_ISR
               00:1EA0   Loc CODE     __funcI2CFin
               00:EE94   Loc DATA     _CF_LPF
               00:EE4E   Loc DATA     _Mag_OpposingPole
               00:EDC2   Loc DATA     _AccGyro_GyroAccel_SMPRTDIV
               00:EE80   Loc DATA     _Mag_PIDOutput
               00:EB6A   Loc DATA     _RecWorld
               00:EF42   Loc DATA     _MotorIndex
               00:EF0A   Loc DATA     _Accel_PID_Motor4
               00:EF04   Loc DATA     _Accel_PID_Motor1
               00:EF06   Loc DATA     _Accel_PID_Motor2
               00:EF08   Loc DATA     _Accel_PID_Motor3
               00:EE62   Loc DATA     _Mag_PIDCounter
               00:EEA4   Loc DATA     _CF_YPitch_high
               00:EE46   Loc DATA     _Mag_CWThres
               00:EF40   Loc DATA     _MotorSpeedChange
               00:EE1E   Loc DATA     _Ping_out
               00:EB72   Loc DATA     _SensorReturn
               00:EF54   Loc DATA     _PWMCounter
               00:EDB2   Loc DATA     _AccGyro_PWRMGMT1REG_Contents
               00:EDD1   Loc DATA     _Accel_RetIndex
               00:EDD0   Loc DATA     _Accel_SavIndex
               00:EDCA   Loc DATA     _AccGyro_ReadData
               00:EE5E   Loc DATA     _Mag_PIDError
               00:EDE0   Loc DATA     _CF_Gyro_YPitch
               00:EE7C   Loc DATA     _Mag_PID_kd
               00:EE78   Loc DATA     _Mag_PID_ki
               00:EE74   Loc DATA     _Mag_PID_kp
               00:EE02   Loc DATA     _Mag_Xout
               00:EF52   Loc DATA     _PWMPeriod
               00:EEAC   Loc DATA     _CF_YPitch_low
               00:EDC8   Loc DATA     _AccGyro_MissedIntCount
               00:EC3A   Loc DATA     _Gyro_Zout
               00:EEDA   Loc DATA     _Accel_PID_XRollErrPrev
               00:EE24   Loc DATA     _Range_out
               00:EEDE   Loc DATA     _Accel_PID_YPitchCounter
               00:EF12   Loc DATA     _Range_PIDError
               00:EF48   Loc DATA     _MotorStepUpDnFlg
               00:EC62   Loc DATA     _Gyro_Yout
               00:EF28   Loc DATA     _Range_PIDOutput
               00:EC8A   Loc DATA     _NewVar_Str
               00:EDB3   Loc DATA     _AccGyro_AccelConfig
               00:EF4E   Loc DATA     _PWMLowerDutyLimitCalib
               00:EEEC   Loc DATA     _Accel_PID_XRoll_ki
               00:EEF0   Loc DATA     _Accel_PID_XRoll_kd
               00:EEE8   Loc DATA     _Accel_PID_XRoll_kp
               00:EDD2   Loc DATA     _AccGyro_CF_FlagCounter
               00:EDC7   Loc DATA     _AccGyro_ReadFlag
               00:EE68   Loc DATA     _Mag_PIDErrSum
               00:EF3C   Loc DATA     _MotorStepCount
               00:EF0E   Loc DATA     _Range_PIDSetpoint
               00:EDFE   Loc DATA     _Mag_ModeReg_Contents
               00:EC90   Loc DATA     _NewVar
               00:EE06   Loc DATA     _Mag_Yout
               00:EE84   Loc DATA     _CF_Gyro_Counter
               00:EE8C   Loc DATA     _CF_XRoll
               00:EE28   Loc DATA     _Mag_MotorStep
               00:EDC3   Loc DATA     _AccGyro_GyroAccelLPF_SMPRTDIVCo
               00:EDE4   Loc DATA     _CF_Accel_ForceMagApprox
               00:EE0A   Loc DATA     _Mag_Zout
               00:EED6   Loc DATA     _Accel_PID_XRollErrSum
               00:EF0C   Loc DATA     _Accel_PID_GoCounter
               00:EEC0   Loc DATA     _CF_StdDev_Mtmp_X
               00:EEC4   Loc DATA     _CF_StdDev_Mtmp_Y
               00:EED0   Loc DATA     _CF_StdDev_K
               00:EE64   Loc DATA     _Mag_PIDCurrentCount
               00:EC94   Loc DATA     _AccGyro_Data
               00:EE9E   Loc DATA     _CF_XRoll_avg
               00:EEF4   Loc DATA     _Accel_PID_YPitch_kp
               00:EEF8   Loc DATA     _Accel_PID_YPitch_ki
               00:EEFC   Loc DATA     _Accel_PID_YPitch_kd
               00:EE6C   Loc DATA     _Mag_PIDdErr
               00:EF4B   Loc DATA     _PWMflag
               00:EDC5   Loc DATA     _AccGyro_INTENABLEReg_contents
               00:EDBB   Loc DATA     _AccGyro_GyroConfig_Contents
               00:EDF8   Loc DATA     _HMC5883Address
               00:EF55   Loc DATA     _PWMSensorResPerInc
               00:EDDC   Loc DATA     _CF_Gyro_XRoll
               00:EDB0   Loc DATA     _MPU6050Address
               00:EF56   Loc DATA     _PWMUpperLowerDiff
               00:065E   Loc TABLE    __uartSetParam
               00:EF20   Loc DATA     _Range_PIDdErr
               00:EF50   Loc DATA     _PWMSafeDuty
               00:EEB8   Loc DATA     _CF_StdDev_M_X
               00:EEBC   Loc DATA     _CF_StdDev_M_Y
               00:EEE4   Loc DATA     _Accel_PID_YPitchErrPrev
               00:EEB0   Loc DATA     _CF_XRoll_low
               00:EEC8   Loc DATA     _CF_StdDev_S_X
               00:EECC   Loc DATA     _CF_StdDev_S_Y
               00:EED4   Loc DATA     _Accel_PID_XRollCounter
               00:EDFD   Loc DATA     _Mag_ModeReg
               00:EDFC   Loc DATA     _Mag_ConfigB_Contents
               00:EDCC   Loc DATA     _Temp_out
               00:EDB1   Loc DATA     _AccGyro_PWRMGMT1REG
               00:EF44   Loc DATA     _MotorTimerUT
               00:EDFA   Loc DATA     _Mag_ConfigA_Contents
               00:EDBA   Loc DATA     _AccGyro_GyroConfig
               00:EF1C   Loc DATA     _Range_PIDErrSum
               00:EE88   Loc DATA     _CF_YPitch
               00:ECA2   Loc DATA     _Range_Output
               00:EF5A   Loc DATA     _PWMLowerDutyLimitRun
               00:EEB4   Loc DATA     _CF_avgCnt
               00:EF46   Loc DATA     _MotorTimerUT_Overflow
               00:EDC0   Loc DATA     _AccGyro_GyroAccelLPF
               00:EE22   Loc DATA     _Range_Address
               00:EE16   Loc DATA     _Mag_DeclinationAngle
               00:EE99   Loc DATA     _CF_Counter
               00:EF18   Loc DATA     _Range_PIDCurrentCount
               00:EE2A   Loc DATA     _Range_ZHiThres
               00:EE2E   Loc DATA     _Range_ZLoThres
               00:EE5A   Loc DATA     _Mag_PIDAngleScaled
               00:EF16   Loc DATA     _Range_PIDCounter
               00:EF58   Loc DATA     _PWMUpperDutyLimitRun
               00:EE32   Loc DATA     _Range_Ceiling
               00:EEE0   Loc DATA     _Accel_PID_YPitchErrSum
               00:EEA8   Loc DATA     _CF_XRoll_high
               00:EE4A   Loc DATA     _Mag_CCWThres
               00:ECA4   Loc DATA     _Accel_Zcal
               00:EE00   Loc DATA     _Mag_Status
               00:EDB4   Loc DATA     _AccGyro_AccelConfig_Contents
               00:EE56   Loc DATA     _Mag_PIDCorrectionFactor
               00:ECB0   Loc DATA     _Accel_Xcal
               00:EDBC   Loc DATA     _AccGyro_GyroScaling
               00:EDD4   Loc DATA     _CF_Accel_XRoll
               00:ECBC   Loc DATA     _Mag_Data
               00:ECC2   Loc DATA     _Accel_Xout
               00:EEA2   Loc DATA     _CF_highlow_flag
               00:ECEA   Loc DATA     _Accel_Ycal
               00:EDC6   Loc DATA     _AccGYRO_Test
               00:ECF6   Loc DATA     _SensorReturnSM
               00:EDE8   Loc DATA     _CF_Gyro_CurrentCount
               00:EE70   Loc DATA     _Mag_PIDErrPrev
               00:EE98   Loc DATA     _CF_UseFlag
               00:EF49   Loc DATA     _MotorStepIncFlag1
               00:EF4A   Loc DATA     _MotorStepIncFlag2
               00:EF38   Loc DATA     _TestingEndTimer
               00:EDD8   Loc DATA     _CF_Accel_YPitch
               00:EE0E   Loc DATA     _Mag_Angle
               00:EE12   Loc DATA     _Mag_GainFactor
               00:EDC4   Loc DATA     _AccGyro_INTENABLEReg
               00:EF4C   Loc DATA     _PWMUpperDutyLimitCalib
               00:EE52   Loc DATA     _Mag_PIDSetpoint
               00:EDB6   Loc DATA     _AccGyro_AccelScaling
               00:EE36   Loc DATA     _Accel_XLoThres
               00:EE42   Loc DATA     _Accel_YHiThres
               00:EF2C   Loc DATA     _Range_PID_kp
               00:EE3A   Loc DATA     _Accel_XHiThres
               00:EE23   Loc DATA     _Range_TakeRangeReading
               00:EF34   Loc DATA     _Range_PID_kd
               00:ED28   Loc DATA     _Accel_Yout
               00:EF30   Loc DATA     _Range_PID_ki
               00:EF3E   Loc DATA     _MotorSpeedUT
               00:EE26   Loc DATA     _MotorStep
               00:ED50   Loc DATA     _Accel_Zout
               00:EF3A   Loc DATA     _Timer8Counter
               00:EDC1   Loc DATA     _AccGyro_GyroAccelLPF_Contents
               00:EDF4   Loc DATA     _Gyro_Zcal
               00:EDF9   Loc DATA     _Mag_ConfigA
               00:EDFB   Loc DATA     _Mag_ConfigB
               00:EDFF   Loc DATA     _Mag_ReadData
               00:EE3E   Loc DATA     _Accel_YLoThres
               00:EF02   Loc DATA     _Accel_PID_Counter
               00:EDF0   Loc DATA     _Gyro_Ycal
               00:EE1A   Loc DATA     _timer_us
               00:ED78   Loc DATA     _Gyro_Xout
               00:EDEC   Loc DATA     _Gyro_Xcal
               00:66A4   Pub CODE     _CalibrateMotors
               00:5406   Pub CODE     _ESC3_PWM
               00:6F30   Pub CODE     _CalibrateGyro
               00:653E   Pub CODE     _NOP
               00:35DC   Pub CODE     _PortA_Low
               00:231E   Pub CODE     _Run_AccGyroCF
               00:5E22   Pub CODE     _Debug_STEPTest
               00:EF00   Pub DATA     _Accel_PID_XYChangeFlag
               00:EE9A   Loc DATA     _CF_YPitch_avg
               00:EE90   Loc DATA     _CF_HPF
               00:EF24   Loc DATA     _Range_PIDErrPrev
               00:EE1C   Loc DATA     _Ping_timer

Module         Value     Type         Symbol
------         -----     ----------   ------
ml610112
              0000EFFF   Loc NUMBER   NEAR_RAM_END
              0000E000   Loc NUMBER   NEAR_RAM_START
               00:7194   Loc CODE     __wdtcounter_clear
              000000FF   Loc NUMBER   _$$WINVAL
               00:7FFF   Loc TABLE    _$$ROMWINEND
               00:7176   Loc CODE     $begin
               00:0000   Loc TABLE    _$$ROMWINSTART
               00:71A8   Loc CODE     __init_loop
               00:71F4   Loc CODE     __init_end
               00:7174   Loc CODE     $$brk_reset
               00:71B4   Loc CODE     __skip
               00:71D0   Loc CODE     __init_loop2
               00:71E2   Loc CODE     __loop_by_byte
               00:7184   Loc CODE     __near_ram_loop
               00:7172   Pub CODE     $$start_up


Module         Value     Type         Symbol
------         -----     ----------   ------
tbc

Module         Value     Type         Symbol
------         -----     ----------   ------
timer
               00:3644   Pub CODE     _tm_init

Module         Value     Type         Symbol
------         -----     ----------   ------
uart
               00:06C4   Pub CODE     _uart_PortSet
               00:602A   Pub CODE     _uart_startReceive
               00:1F02   Pub CODE     _uart_init
               00:0C20   Pub CODE     _uart_ErrSet
               00:4212   Pub CODE     _uart_stop
               00:1C80   Pub CODE     _uart_startSend
               00:078C   Pub CODE     _uart_continue
               00:22F4   Pub CODE     _uart_PortClear
               00:EB68   Loc DATA     __Err_Status
               00:EFA0   Loc DATA     __gsCtrlParam

Module         Value     Type         Symbol
------         -----     ----------   ------
atan

Module         Value     Type         Symbol
------         -----     ----------   ------
xatan

Module         Value     Type         Symbol
------         -----     ----------   ------
xpoly

Module         Value     Type         Symbol
------         -----     ----------   ------
sprintf_nn

Module         Value     Type         Symbol
------         -----     ----------   ------
pow

Module         Value     Type         Symbol
------         -----     ----------   ------
xdunscal

Module         Value     Type         Symbol
------         -----     ----------   ------
xdnorm

Module         Value     Type         Symbol
------         -----     ----------   ------
xexp

Module         Value     Type         Symbol
------         -----     ----------   ------
xvalues

Module         Value     Type         Symbol
------         -----     ----------   ------
xdtest

Module         Value     Type         Symbol
------         -----     ----------   ------
xlog

Module         Value     Type         Symbol
------         -----     ----------   ------
xdint

Module         Value     Type         Symbol
------         -----     ----------   ------
atan2

Module         Value     Type         Symbol
------         -----     ----------   ------
xdscale

Module         Value     Type         Symbol
------         -----     ----------   ------
sscanf_nn

Module         Value     Type         Symbol
------         -----     ----------   ------
memcpy_nf

Module         Value     Type         Symbol
------         -----     ----------   ------
errno

Module         Value     Type         Symbol
------         -----     ----------   ------
xscanf_n

Module         Value     Type         Symbol
------         -----     ----------   ------
xgetfld_n

Module         Value     Type         Symbol
------         -----     ----------   ------
xctype

Module         Value     Type         Symbol
------         -----     ----------   ------
memchr_n

Module         Value     Type         Symbol
------         -----     ----------   ------
strchr_n

Module         Value     Type         Symbol
------         -----     ----------   ------
xgetfloa

Module         Value     Type         Symbol
------         -----     ----------   ------
xstod_n

Module         Value     Type         Symbol
------         -----     ----------   ------
xdtento

Module         Value     Type         Symbol
------         -----     ----------   ------
xgetint

Module         Value     Type         Symbol
------         -----     ----------   ------
xstoul_n

Module         Value     Type         Symbol
------         -----     ----------   ------
strtol_n

Module         Value     Type         Symbol
------         -----     ----------   ------
xprintf_nn

Module         Value     Type         Symbol
------         -----     ----------   ------
strcpy_nn

Module         Value     Type         Symbol
------         -----     ----------   ------
abs

Module         Value     Type         Symbol
------         -----     ----------   ------
xputfld

Module         Value     Type         Symbol
------         -----     ----------   ------
xldtob

Module         Value     Type         Symbol
------         -----     ----------   ------
xgenld

Module         Value     Type         Symbol
------         -----     ----------   ------
strlen_f

Module         Value     Type         Symbol
------         -----     ----------   ------
ldiv

Module         Value     Type         Symbol
------         -----     ----------   ------
xldunsca

Module         Value     Type         Symbol
------         -----     ----------   ------
memcpy_ff

Module         Value     Type         Symbol
------         -----     ----------   ------
memcpy_fn

Module         Value     Type         Symbol
------         -----     ----------   ------
xlitob

End of mapfile.
