RLU8 Object Linker, Ver.1.51.2 Linkage Information
[Thu Jun 19 15:59:12 2014]


                         ------------------
                          Control Synopsis
                         ------------------

I/O controls:    D  SD NS NA
Other controls: CC STACK( 0100H(256) )
                COMB( $$content_of_init $$end_of_init )
                COMB( $$init_info $$init_info_end )



                        ------------------------
                         Object Module Synopsis
                        ------------------------
                                                                Creator
Module Name           File Name                                 CCU8     RASU8
-----------           ---------                                 -----    -----
clock                 _output\_obj\clock.obj                    3.41     1.61
i2c                   _output\_obj\i2c.obj                      3.41     1.61
irq                   _output\_obj\irq.obj                      3.41     1.61
main                  _output\_obj\main.obj                     3.41     1.61
ml610111              _output\_obj\ml610111.obj                 -.--     1.61
notes                 _output\_obj\notes.obj                    3.41     1.61
tbc                   _output\_obj\tbc.obj                      3.41     1.61
timer                 _output\_obj\timer.obj                    3.41     1.61
uart                  _output\_obj\uart.obj                     3.41     1.61
ULDIVSW               C:\PROGRA~1\U8Dev\Lib\longu8.lib          -.--     1.04
DIV32SW               C:\PROGRA~1\U8Dev\Lib\longu8.lib          -.--     1.04
UIDIVSW               C:\PROGRA~1\U8Dev\Lib\longu8.lib          -.--     1.04
CIDIMOSW              C:\PROGRA~1\U8Dev\Lib\longu8.lib          -.--     1.04


Number of Modules: 13

Number of Symbols:
 +---------------------------------------------------------------------------+
 |          | CODE | DATA | BIT  |NVDATA|NVBIT |TABLE |NUMBER| TBIT || total |
 |----------+------+------+------+------+------+------+------+------++-------|
 | SEGMENT  |    86|     4|     0|     0|     0|     7|      |      ||     97|
 |----------+------+------+------+------+------+------+------+------++-------|
 | COMMUNAL |     0|     4|     0|     0|     0|     0|      |      ||      4|
 |----------+------+------+------+------+------+------+------+------++-------|
 | PUBLIC   |    43|     1|     0|     0|     0|     0|     0|     0||     44|
 +---------------------------------------------------------------------------+

Target:  ML610111 
Model:   SMALL


Memory Map - Program memory space #0:
      Type     Start      Stop
     -----------------------------
      ROM      00:0000    00:5FFF

Memory Map - Data memory space #0:
      Type     Start      Stop
     -----------------------------
      RAM      00:E000    00:E7FF
      RAM      00:F000    00:FFFF

Memory Map - Memory space above #1:
      Type     Start      Stop
     -----------------------------
      ROM      02:0000    02:0FFF
      ROM      08:0000    08:5FFF
      ROM      0A:0000    0A:0FFF

                         ------------------
                          Segment Synopsis
                         ------------------

Link Map - Program memory space #0 ( ROMWINDOW: 0000 - 5FFF )

      Type     Start      Stop       Size              Name
     -------------------------------------------------------
      S CODE   00:0000    00:0001    0002(2)           (absolute)
      S CODE   00:0002    00:0003    0002(2)           (absolute)
      S CODE   00:0004    00:0005    0002(2)           (absolute)
      S CODE   00:0006    00:0007    0002(2)           $$_intUndefHdr$irq
      S CODE   00:0008    00:007F    0078(120)         (absolute)
      S TABLE  00:0080    00:00A9    002A(42)          $$NINITTAB
      S TABLE  00:00AA    00:00B1    0008(8)           $$init_info
      S TABLE  00:00B2    00:00B3    0002(2)           $$init_info_end
      S TABLE  00:00B4    00:00BD    000A(10)          $$TAB_uartSetParam$main
      S CODE   00:00BE    00:00E7    002A(42)          $$uart_PortSet$uart
      S CODE   00:00E8    00:0103    001C(28)          $$_intT16HINT$irq
      S CODE   00:0104    00:01FB    00F8(248)         $$uart_continue$uart
      S CODE   00:01FC    00:0203    0008(8)           $$main_reqNotHalt$main
      S CODE   00:0204    00:0207    0004(4)           $$_intUart$main
      S CODE   00:0208    00:0223    001C(28)          $$_intI2C0INT$irq
      S CODE   00:0224    00:023F    001C(28)          $$_intTM0INT$irq
      S CODE   00:0240    00:025B    001C(28)          $$_intTM1INT$irq
      S CODE   00:025C    00:025C    0000(0)           $$content_of_init
      S CODE   00:025C    00:025D    0002(2)           $$end_of_init
      S CODE   00:025E    00:026B    000E(14)          $$uart_ErrSet$uart
      S CODE   00:026C    00:0287    001C(28)          $$_intTM8INT$irq
      S CODE   00:0288    00:02A3    001C(28)          $$_intTM9INT$irq
      S CODE   00:02A4    00:02BF    001C(28)          $$_intTM2INT$irq
      S CODE   00:02C0    00:02DB    001C(28)          $$_intTM3INT$irq
      S CODE   00:02DC    00:02DD    0002(2)           $$NOP1000$main
      S CODE   00:02DE    00:02F9    001C(28)          $$_intUA0INT$irq
      S CODE   00:02FA    00:0315    001C(28)          $$_intP00INT$irq
      S CODE   00:0316    00:0331    001C(28)          $$_intP01INT$irq
      S CODE   00:0332    00:0345    0014(20)          $$main_clrWDT$main
      S CODE   00:0346    00:0361    001C(28)          $$_intP02INT$irq
      S CODE   00:0362    00:0393    0032(50)          $$irq_setHdr$irq
      S CODE   00:0394    00:03AF    001C(28)          $$_intP03INT$irq
      S CODE   00:03B0    00:03C9    001A(26)          $$_intNMIINT$irq
      S CODE   00:03CA    00:041F    0056(86)          $$uart_startSend$uart
      S CODE   00:0420    00:0423    0004(4)           $$irq_di$irq
      S CODE   00:0424    00:0427    0004(4)           $$irq_ei$irq
      S CODE   00:0428    00:0443    001C(28)          $$_intT2HINT$irq
      S CODE   00:0444    00:0445    0002(2)           $$_intNullHdr$irq
      S CODE   00:0446    00:058B    0146(326)         $$uart_init$uart
      S CODE   00:058C    00:05A7    001C(28)          $$_intT1KINT$irq
      S CODE   00:05A8    00:05D1    002A(42)          $$uart_PortClear$uart
      S CODE   00:05D2    00:0695    00C4(196)         $$PortB_Low$main
      S CODE   00:0696    00:07BB    0126(294)         $$i2c_init$i2c
      S CODE   00:07BC    00:0807    004C(76)          $$PortA_Low$main
      S CODE   00:0808    00:0823    001C(28)          $$_intMD0INT$irq
      S CODE   00:0824    00:0843    0020(32)          $$uldivu8sw
      S CODE   00:0844    00:084D    000A(10)          $$_branchHdr$irq
      S CODE   00:084E    00:0869    001C(28)          $$_intRTCINT$irq
      S CODE   00:086A    00:08FD    0094(148)         $$main$main
      S CODE   00:08FE    00:0957    005A(90)          $$irq_init$irq
      S CODE   00:0958    00:0973    001C(28)          $$uart_stop$uart
      S CODE   00:0974    00:098F    001C(28)          $$_intRADINT$irq
      S CODE   00:0990    00:09F3    0064(100)         $$PortC_Low$main
      S CODE   00:09F4    00:0A33    0040(64)          $$cidimou8sw
      S CODE   00:0A34    00:0A4F    001C(28)          $$_intAL0INT$irq
      S CODE   00:0A50    00:0B75    0126(294)         $$Initialization$main
      S CODE   00:0B76    00:0B91    001C(28)          $$_intAL1INT$irq
      S CODE   00:0B92    00:0B9D    000C(12)          $$uidivu8sw
      S CODE   00:0B9E    00:0BAF    0012(18)          $$_funcUartFin$main
      S CODE   00:0BB0    00:0BBB    000C(12)          $$_intI2c$main
      S CODE   00:0BBC    00:0BD7    001C(28)          $$_intPW0INT$irq
      S CODE   00:0BD8    00:0E39    0262(610)         $$i2c_continue$i2c
      S CODE   00:0E3A    00:0E55    001C(28)          $$_intT32HINT$irq
      S CODE   00:0E56    00:0E75    0020(32)          $$SetOSC$main
      S CODE   00:0E76    00:0EB7    0042(66)          $$uart_startReceive$uart
      S CODE   00:0EB8    00:0ED3    001C(28)          $$_intSADINT$irq
      S CODE   00:0ED4    00:0EEF    001C(28)          $$_intT128HINT$irq
      S CODE   00:0EF0    00:0F09    001A(26)          $$_intWDTINT$irq
      S CODE   00:0F0A    00:0F25    001C(28)          $$_intSIO0INT$irq
      S CODE   00:0F26    00:0FB5    0090(144)         $$NCODml610111sw
      S CODE   00:0FB6    00:0FE3    002E(46)          $$div32u8sw
>GAP<          00:0FE4    00:5FDF    4FFC(20476)       (ROM)
      S CODE   00:5FE0    00:5FFF    0020(32)          (absolute)


Link Map - Data memory space #0

      Type     Start      Stop       Size              Name
     -------------------------------------------------------
      Q ROMWIN 00:0000    00:5FFF    6000(24576)       (ROMWIN)
>GAP<          00:E000.0  00:E693.7  0694.0(1684.0)    (RAM)
      S DATA   00:E694    00:E793    0100(256)         $STACK
      S DATA   00:E794    00:E7C9    0036(54)          $$NVARirq
      C DATA   00:E7CA    00:E7D1    0008(8)           _RecWorld
      S DATA   00:E7D2    00:E7D2    0001(1)           $$NVARuart
      C DATA   00:E7D3    00:E7D3    0001(1)           __reqNotHalt
      S DATA   00:E7D4    00:E7FD    002A(42)          $$NINITVAR
      C DATA   00:E7FE    00:E7FE    0001(1)           __flgI2CFin
      C DATA   00:E7FF    00:E7FF    0001(1)           __flgUartFin
      Q SFR    00:F000    00:FFFF    1000(4096)        (SFR)


Link Map - Memory space above #1

      Type     Start      Stop       Size              Name
     -------------------------------------------------------
 ---
      S TABLE  02:0000    02:0FFF    1000(4096)        (absolute)
 ---
      S TABLE  08:0000    08:5FFF    6000(24576)       (absolute)
 ---
      S TABLE  0A:0000    0A:0FFF    1000(4096)        (absolute)


Not Linked segments:

      Module Name         Type       Size              Segment Name 
     --------------------------------------------------------------
      clock
                          CODE       000A(10)          $$clk_setSysclk$clock
     --------------------------------------------------------------
      i2c
                          CODE       0006(6)           $$i2c_getTransSize$i2c
                          CODE       0084(132)         $$i2c_startReceive$i2c
                          CODE       002E(46)          $$i2c_stop$i2c
                          CODE       0012(18)          $$i2c_checkIRQ$i2c
                          CODE       0006(6)           $$i2c_clearIRQ$i2c
                          CODE       0076(118)         $$i2c_startSend$i2c
     --------------------------------------------------------------
      main
                          CODE       0012(18)          $$_funcI2CFin$main
                          CODE       0030(48)          $$PinB0_PWM$main
                          CODE       000E(14)          $$checkI2C$main
                          CODE       001A(26)          $$analog_comparator$main
                          CODE       0040(64)          $$PortA_Digital_Inputs$main
     --------------------------------------------------------------
      timer
                          CODE       0038(56)          $$tm_init$timer
     --------------------------------------------------------------
      uart
                          CODE       0006(6)           $$uart_clearIRQ$uart
                          CODE       0012(18)          $$uart_checkIRQ$uart
                          CODE       0008(8)           $$uart_ErrClr$uart
                          CODE       0006(6)           $$uart_ErrGet$uart
                          CODE       0006(6)           $$uart_getTransSize$uart
     --------------------------------------------------------------


Total size (CODE  ) = 00FC6   (4038)
Total size (DATA  ) = 0016C   (364)
Total size (BIT   ) = 00000.0 (0.0)
Total size (NVDATA) = 00000   (0)
Total size (NVBIT ) = 00000.0 (0.0)
Total size (TABLE ) = 0803E   (32830)

          -----------------------
           Symbol Table Synopsis
          -----------------------

Module         Value     Type         Symbol
------         -----     ----------   ------
clock

Module         Value     Type         Symbol
------         -----     ----------   ------
i2c
               00:0BD8   Pub CODE     _i2c_continue
               00:0696   Pub CODE     _i2c_init
               00:E7D4   Loc DATA     __gsCtrlParam

Module         Value     Type         Symbol
------         -----     ----------   ------
irq
               00:08FE   Pub CODE     _irq_init
               00:0420   Pub CODE     _irq_di
               00:0424   Pub CODE     _irq_ei
               00:0362   Pub CODE     _irq_setHdr
               00:02A4   Loc CODE     __intTM2INT
               00:0E3A   Loc CODE     __intT32HINT
               00:02C0   Loc CODE     __intTM3INT
               00:0BBC   Loc CODE     __intPW0INT
               00:026C   Loc CODE     __intTM8INT
               00:0288   Loc CODE     __intTM9INT
               00:0ED4   Loc CODE     __intT128HINT
               00:0A34   Loc CODE     __intAL0INT
               00:02FA   Loc CODE     __intP00INT
               00:0428   Loc CODE     __intT2HINT
               00:0808   Loc CODE     __intMD0INT
               00:0B76   Loc CODE     __intAL1INT
               00:0316   Loc CODE     __intP01INT
               00:058C   Loc CODE     __intT1KINT
               00:0EF0   Loc CODE     __intWDTINT
               00:0346   Loc CODE     __intP02INT
               00:0208   Loc CODE     __intI2C0INT
               00:084E   Loc CODE     __intRTCINT
               00:0394   Loc CODE     __intP03INT
               00:0F0A   Loc CODE     __intSIO0INT
               00:0EB8   Loc CODE     __intSADINT
               00:0844   Loc CODE     __branchHdr
               00:00E8   Loc CODE     __intT16HINT
               00:03B0   Loc CODE     __intNMIINT
               00:0224   Loc CODE     __intTM0INT
               00:02DE   Loc CODE     __intUA0INT
               00:0006   Loc CODE     __intUndefHdr
               00:0240   Loc CODE     __intTM1INT
               00:0974   Loc CODE     __intRADINT
               00:0444   Loc CODE     __intNullHdr
               00:E794   Loc DATA     __sIrqHdr

Module         Value     Type         Symbol
------         -----     ----------   ------
main
               00:0332   Pub CODE     _main_clrWDT
               00:01FC   Pub CODE     _main_reqNotHalt
               00:086A   Pub CODE     _main
               00:02DC   Pub CODE     _NOP1000
               00:0990   Pub CODE     _PortC_Low
               00:05D2   Pub CODE     _PortB_Low
               00:07BC   Pub CODE     _PortA_Low
               00:E7E4   Pub DATA     _HelloWorld
               00:0B9E   Loc CODE     __funcUartFin
               00:0A50   Loc CODE     _Initialization
               00:0204   Loc CODE     __intUart
               00:0BB0   Loc CODE     __intI2c
               00:0E56   Loc CODE     _SetOSC
               00:00B4   Loc TABLE    __uartSetParam

Module         Value     Type         Symbol
------         -----     ----------   ------
ml610111
              0000E7FF   Loc NUMBER   NEAR_RAM_END
              0000E000   Loc NUMBER   NEAR_RAM_START
               00:0F48   Loc CODE     __wdtcounter_clear
              000000FF   Loc NUMBER   _$$WINVAL
               00:5FFF   Loc TABLE    _$$ROMWINEND
               00:0F2A   Loc CODE     $begin
               00:0000   Loc TABLE    _$$ROMWINSTART
               00:0F5C   Loc CODE     __init_loop
               00:0FA8   Loc CODE     __init_end
               00:0F28   Loc CODE     $$brk_reset
               00:0F68   Loc CODE     __skip
               00:0F84   Loc CODE     __init_loop2
               00:0F96   Loc CODE     __loop_by_byte
               00:0F38   Loc CODE     __near_ram_loop
               00:0F26   Pub CODE     $$start_up


Module         Value     Type         Symbol
------         -----     ----------   ------
notes

Module         Value     Type         Symbol
------         -----     ----------   ------
tbc

Module         Value     Type         Symbol
------         -----     ----------   ------
timer

Module         Value     Type         Symbol
------         -----     ----------   ------
uart
               00:00BE   Pub CODE     _uart_PortSet
               00:0E76   Pub CODE     _uart_startReceive
               00:0446   Pub CODE     _uart_init
               00:025E   Pub CODE     _uart_ErrSet
               00:0958   Pub CODE     _uart_stop
               00:03CA   Pub CODE     _uart_startSend
               00:0104   Pub CODE     _uart_continue
               00:05A8   Pub CODE     _uart_PortClear
               00:E7D2   Loc DATA     __Err_Status
               00:E7F4   Loc DATA     __gsCtrlParam

End of mapfile.
